Component: ARM Compiler 5.06 update 1 (build 61) Tool: armlink [4d35a8]

==============================================================================

Section Cross References

    main.o(i.HAL_TIM_PeriodElapsedCallback) refers to led_f4discovery.o(i.LED_On) for LED_On
    main.o(i.HAL_TIM_PeriodElapsedCallback) refers to led_f4discovery.o(i.LED_Off) for LED_Off
    main.o(i.HAL_TIM_PeriodElapsedCallback) refers to trasos_iveikimas.o(i.Trasos_iveikimas_tick_1s) for Trasos_iveikimas_tick_1s
    main.o(i.HAL_TIM_PeriodElapsedCallback) refers to main.o(.data) for sys_tick_counter
    main.o(i.HAL_TIM_PeriodElapsedCallback) refers to btn_nokia.o(i.btn_nokia_handler) for btn_nokia_handler
    main.o(i.HAL_TIM_PeriodElapsedCallback) refers to btn_bumper.o(i.btn_bump_handler) for btn_bump_handler
    main.o(i.HAL_TIM_PeriodElapsedCallback) refers to zingsniniai_varikliai.o(i.zv_handler) for zv_handler
    main.o(i.HAL_TIM_PeriodElapsedCallback) refers to gps_compass.o(i.gps_compass_handler) for gps_compass_handler
    main.o(i.HAL_TIM_PeriodElapsedCallback) refers to zingsniniai_varikliai.o(i.zv_tick_10hz) for zv_tick_10hz
    main.o(i.HAL_TIM_PeriodElapsedCallback) refers to ofs.o(i.ofs_handler) for ofs_handler
    main.o(i.HAL_TIM_PeriodElapsedCallback) refers to ekranas_atv.o(i.ekranas_atv_handler) for ekranas_atv_handler
    main.o(i.HAL_TIM_PeriodElapsedCallback) refers to color.o(i.read_RGB) for read_RGB
    main.o(i.HAL_TIM_PeriodElapsedCallback) refers to color.o(i.color_find_min_calc_santikis) for color_find_min_calc_santikis
    main.o(i.HAL_TIM_PeriodElapsedCallback) refers to lidar.o(i.objekto_find_handleris) for objekto_find_handleris
    main.o(i.HAL_TIM_PeriodElapsedCallback) refers to stm32f4xx_hal.o(i.HAL_IncTick) for HAL_IncTick
    main.o(i.HAL_TIM_PeriodElapsedCallback) refers to ultragarsas.o(i.Ultragarsas_handler) for Ultragarsas_handler
    main.o(i.HAL_TIM_PeriodElapsedCallback) refers to papildomi.o(i.papildomi_beep_handler) for papildomi_beep_handler
    main.o(i.HAL_TIM_PeriodElapsedCallback) refers to adc.o(i.adc_handler) for adc_handler
    main.o(i.main) refers to delay_simple.o(i._delay_us) for _delay_us
    main.o(i.main) refers to stm32f4xx_hal.o(i.HAL_Init) for HAL_Init
    main.o(i.main) refers to plokstes_init.o(i.SystemClock_Config) for SystemClock_Config
    main.o(i.main) refers to plokstes_init.o(i.sys_tick_init) for sys_tick_init
    main.o(i.main) refers to stm32f4xx_hal.o(i.HAL_Delay) for HAL_Delay
    main.o(i.main) refers to delay_simple.o(i.Delay_Init) for Delay_Init
    main.o(i.main) refers to debuguart.o(i.debuguartinit) for debuguartinit
    main.o(i.main) refers to debuguart.o(i.PRINTF) for PRINTF
    main.o(i.main) refers to stm32f4xx_hal_rcc.o(i.HAL_RCC_GetSysClockFreq) for HAL_RCC_GetSysClockFreq
    main.o(i.main) refers to pd8544.o(i.PCD8544_Init) for PCD8544_Init
    main.o(i.main) refers to ekranas_atv.o(i.ekranas_set_status) for ekranas_set_status
    main.o(i.main) refers to btn_nokia.o(i.btn_nokia_init) for btn_nokia_init
    main.o(i.main) refers to btn_bumper.o(i.btn_bump_init) for btn_bump_init
    main.o(i.main) refers to ultragarsas.o(i.Ultragarsas_init) for Ultragarsas_init
    main.o(i.main) refers to papildomi.o(i.papildomi_init) for papildomi_init
    main.o(i.main) refers to zingsniniai_varikliai.o(i.zv_init) for zv_init
    main.o(i.main) refers to color.o(i.COLOR_init) for COLOR_init
    main.o(i.main) refers to color.o(i.color_ee_read_block) for color_ee_read_block
    main.o(i.main) refers to f2d.o(x$fpl$f2d) for __aeabi_f2d
    main.o(i.main) refers to gps_compass.o(i.gps_compass_set_calib) for gps_compass_set_calib
    main.o(i.main) refers to ofs.o(i.ofs_set_kalib) for ofs_set_kalib
    main.o(i.main) refers to led_f4discovery.o(i.LED_Initialize) for LED_Initialize
    main.o(i.main) refers to adc.o(i.Init_ADC) for Init_ADC
    main.o(i.main) refers to lidar.o(i.Lidar_init) for Lidar_init
    main.o(i.main) refers to lidar.o(i.Lidar_uart_init) for Lidar_uart_init
    main.o(i.main) refers to lidar.o(i.Lidar_motor_power) for Lidar_motor_power
    main.o(i.main) refers to gps_compass.o(i.gps_compass_init) for gps_compass_init
    main.o(i.main) refers to ofs.o(i.OFS_init) for OFS_init
    main.o(i.main) refers to servo.o(i.Servo_init) for Servo_init
    main.o(i.main) refers to lidar.o(i.Lidar_handleris) for Lidar_handleris
    main.o(i.main) refers to gps_compass.o(i.gps_handler) for gps_handler
    main.o(i.main) refers to zingsniniai_varikliai.o(i.zv_task_handler) for zv_task_handler
    main.o(i.main) refers to trasos_iveikimas.o(i.Trasos_iveikimas_handler) for Trasos_iveikimas_handler
    main.o(i.main) refers to main.o(.data) for nust_zv
    stm32f4xx_it.o(i.DMA2_Stream1_IRQHandler) refers to stm32f4xx_hal_dma.o(i.HAL_DMA_IRQHandler) for HAL_DMA_IRQHandler
    stm32f4xx_it.o(i.DMA2_Stream1_IRQHandler) refers to gps_compass.o(.bss) for hdma_usart6_rx
[...]
    SVC_Handler                              0x080066c5   Thumb Code     2  stm32f4xx_it.o(i.SVC_Handler)
    Servo_init                               0x080066c9   Thumb Code   178  servo.o(i.Servo_init)
    SysTick_Handler                          0x08006795   Thumb Code     2  stm32f4xx_it.o(i.SysTick_Handler)
    SystemClock_Config                       0x08006799   Thumb Code   166  plokstes_init.o(i.SystemClock_Config)
    SystemInit                               0x0800684d   Thumb Code    82  system_stm32f4xx.o(i.SystemInit)
    TIM1_CC_IRQHandler                       0x080068b1   Thumb Code    10  stm32f4xx_it.o(i.TIM1_CC_IRQHandler)
    TIM5_IRQHandler                          0x080068c1   Thumb Code    10  stm32f4xx_it.o(i.TIM5_IRQHandler)
    TIM_Base_SetConfig                       0x080068d1   Thumb Code   184  stm32f4xx_hal_tim.o(i.TIM_Base_SetConfig)
    TIM_CCxChannelCmd                        0x080069b5   Thumb Code    28  stm32f4xx_hal_tim.o(i.TIM_CCxChannelCmd)
    TIM_OC2_SetConfig                        0x08006a41   Thumb Code   112  stm32f4xx_hal_tim.o(i.TIM_OC2_SetConfig)
    TIM_TI1_SetConfig                        0x08006b91   Thumb Code   122  stm32f4xx_hal_tim.o(i.TIM_TI1_SetConfig)
    Ti_print_nokia                           0x08006ce5   Thumb Code    70  trasos_iveikimas.o(i.Ti_print_nokia)
    Trasos_iveikimas_btn_reset               0x08006d49   Thumb Code    10  trasos_iveikimas.o(i.Trasos_iveikimas_btn_reset)
    Trasos_iveikimas_handler                 0x08006d59   Thumb Code  2156  trasos_iveikimas.o(i.Trasos_iveikimas_handler)
    Trasos_iveikimas_kliutys                 0x080075c5   Thumb Code   980  trasos_iveikimas.o(i.Trasos_iveikimas_kliutys)
    Trasos_iveikimas_reset                   0x08007a51   Thumb Code    10  trasos_iveikimas.o(i.Trasos_iveikimas_reset)
    Trasos_iveikimas_tick_1s                 0x08007a61   Thumb Code    18  trasos_iveikimas.o(i.Trasos_iveikimas_tick_1s)
    Ultragarsas_GPIO_Init                    0x08007e09   Thumb Code    66  ultragarsas.o(i.Ultragarsas_GPIO_Init)
    Ultragarsas_handler                      0x08007e55   Thumb Code   694  ultragarsas.o(i.Ultragarsas_handler)
    Ultragarsas_init                         0x0800812d   Thumb Code   150  ultragarsas.o(i.Ultragarsas_init)
    UsageFault_Handler                       0x080081e1   Thumb Code     2  stm32f4xx_it.o(i.UsageFault_Handler)
    ZV_change_step_rez                       0x080081e5   Thumb Code   398  zingsniniai_varikliai.o(i.ZV_change_step_rez)
    __ARM_fpclassify                         0x08008379   Thumb Code    48  fpclassify.o(i.__ARM_fpclassify)
    __ARM_fpclassifyf                        0x080083a9   Thumb Code    38  fpclassifyf.o(i.__ARM_fpclassifyf)
    __hardfp_atan                            0x080083d1   Thumb Code   622  atan.o(i.__hardfp_atan)
    __hardfp_atan2                           0x080086a9   Thumb Code   432  atan2.o(i.__hardfp_atan2)
    __hardfp_cosf                            0x08008899   Thumb Code   280  cosf.o(i.__hardfp_cosf)
    __hardfp_sinf                            0x080089e9   Thumb Code   344  sinf.o(i.__hardfp_sinf)
    __kernel_poly                            0x08008b79   Thumb Code   248  poly.o(i.__kernel_poly)
    __mathlib_dbl_infnan                     0x08008c71   Thumb Code    20  dunder.o(i.__mathlib_dbl_infnan)
    __mathlib_dbl_infnan2                    0x08008c85   Thumb Code    20  dunder.o(i.__mathlib_dbl_infnan2)
    __mathlib_dbl_underflow                  0x08008c99   Thumb Code    24  dunder.o(i.__mathlib_dbl_underflow)
    __mathlib_flt_infnan                     0x08008cb9   Thumb Code     6  funder.o(i.__mathlib_flt_infnan)
    __mathlib_flt_invalid                    0x08008cc1   Thumb Code    10  funder.o(i.__mathlib_flt_invalid)
    __mathlib_flt_underflow                  0x08008cd1   Thumb Code    10  funder.o(i.__mathlib_flt_underflow)
    __mathlib_rredf2                         0x08008ce1   Thumb Code   316  rredf.o(i.__mathlib_rredf2)
    _delay_us                                0x08008e35   Thumb Code    18  delay_simple.o(i._delay_us)
    _is_digit                                0x08008e47   Thumb Code    14  __printf_wp.o(i._is_digit)
    adc_get_7_4bat_voltage                   0x08008e55   Thumb Code    60  adc.o(i.adc_get_7_4bat_voltage)
    adc_handler                              0x08008e9d   Thumb Code   312  adc.o(i.adc_handler)
    adc_print_nokia_batVoltages              0x08008fe1   Thumb Code   170  adc.o(i.adc_print_nokia_batVoltages)
    atan                                     0x080090bd   Thumb Code    16  atan.o(i.atan)
    btn_bump_centras                         0x080090cd   Thumb Code     8  btn_bumper.o(i.btn_bump_centras)
    btn_bump_desinys                         0x080090d9   Thumb Code     8  btn_bumper.o(i.btn_bump_desinys)
    btn_bump_ekranas_print                   0x080090e5   Thumb Code    86  btn_bumper.o(i.btn_bump_ekranas_print)
    btn_bump_handler                         0x0800917d   Thumb Code   134  btn_bumper.o(i.btn_bump_handler)
    btn_bump_init                            0x0800920d   Thumb Code    60  btn_bumper.o(i.btn_bump_init)
    btn_bump_kairys                          0x08009251   Thumb Code     8  btn_bumper.o(i.btn_bump_kairys)
    btn_nokia_handler                        0x0800925d   Thumb Code   454  btn_nokia.o(i.btn_nokia_handler)
    btn_nokia_init                           0x08009471   Thumb Code    58  btn_nokia.o(i.btn_nokia_init)
    color_ee_read_block                      0x080094b5   Thumb Code    46  color.o(i.color_ee_read_block)
    color_ee_write_block                     0x080094ed   Thumb Code   184  color.o(i.color_ee_write_block)
    color_find_min_calc_santikis             0x080095e1   Thumb Code   122  color.o(i.color_find_min_calc_santikis)
    color_get_max_min                        0x08009681   Thumb Code    42  color.o(i.color_get_max_min)
    color_print_rgb                          0x080096b5   Thumb Code   102  color.o(i.color_print_rgb)
    color_reset_min_max                      0x08009755   Thumb Code    32  color.o(i.color_reset_min_max)
    debuguartinit                            0x0800978d   Thumb Code   194  debuguart.o(i.debuguartinit)
    dstar_add_obstacle                       0x08009861   Thumb Code    46  dstar.o(i.dstar_add_obstacle)
    dstar_open                               0x08009899   Thumb Code    42  dstar.o(i.dstar_open)
    dstar_plan                               0x080098cd   Thumb Code   140  dstar.o(i.dstar_plan)
    dstar_printf_map                         0x08009961   Thumb Code    60  dstar.o(i.dstar_printf_map)
    dstar_reset_map                          0x080099bd   Thumb Code    56  dstar.o(i.dstar_reset_map)
    ekranas_atv_handler                      0x08009a05   Thumb Code   732  ekranas_atv.o(i.ekranas_atv_handler)
    ekranas_get_cur_size                     0x08009cf5   Thumb Code    58  ekranas_atv.o(i.ekranas_get_cur_size)
    ekranas_get_str                          0x08009d39   Thumb Code    50  ekranas_atv.o(i.ekranas_get_str)
    ekranas_hold_down                        0x08009d7d   Thumb Code    24  ekranas_atv.o(i.ekranas_hold_down)
    ekranas_hold_up                          0x08009d99   Thumb Code    24  ekranas_atv.o(i.ekranas_hold_up)
    ekranas_press_down                       0x08009db5   Thumb Code    62  ekranas_atv.o(i.ekranas_press_down)
    ekranas_press_ok                         0x08009df9   Thumb Code   152  ekranas_atv.o(i.ekranas_press_ok)
    ekranas_press_up                         0x08009e95   Thumb Code    54  ekranas_atv.o(i.ekranas_press_up)
    ekranas_set_status                       0x08009ed1   Thumb Code    14  ekranas_atv.o(i.ekranas_set_status)
    fabs                                     0x08009ee5   Thumb Code    24  fabs.o(i.fabs)
    find_min_open_and_procead                0x08009efd   Thumb Code  1266  dstar.o(i.find_min_open_and_procead)
    get_gps_compass_headingdeg               0x0800a3fd   Thumb Code     8  gps_compass.o(i.get_gps_compass_headingdeg)
    get_minumas_desine_priekis               0x0800a409   Thumb Code     6  lidar.o(i.get_minumas_desine_priekis)
    get_minumas_desine_sonas                 0x0800a415   Thumb Code     6  lidar.o(i.get_minumas_desine_sonas)
    get_minumas_kaire_priekis                0x0800a421   Thumb Code     6  lidar.o(i.get_minumas_kaire_priekis)
    get_minumas_kaire_sonas                  0x0800a42d   Thumb Code     6  lidar.o(i.get_minumas_kaire_sonas)
    gps_cacl_crc                             0x0800a439   Thumb Code    38  gps_compass.o(i.gps_cacl_crc)
    gps_compass_handler                      0x0800a465   Thumb Code   812  gps_compass.o(i.gps_compass_handler)
    gps_compass_init                         0x0800a7c9   Thumb Code   250  gps_compass.o(i.gps_compass_init)
    gps_compass_reset_calibrat               0x0800a8f1   Thumb Code    10  gps_compass.o(i.gps_compass_reset_calibrat)
    gps_compass_set_calib                    0x0800a901   Thumb Code    26  gps_compass.o(i.gps_compass_set_calib)
    gps_compass_set_calibrate                0x0800a925   Thumb Code    54  gps_compass.o(i.gps_compass_set_calibrate)
    gps_handler                              0x0800a961   Thumb Code   500  gps_compass.o(i.gps_handler)
    gps_nokia_print_compass                  0x0800ab5d   Thumb Code   116  gps_compass.o(i.gps_nokia_print_compass)
    gps_nokia_print_compass_calib            0x0800ac05   Thumb Code   118  gps_compass.o(i.gps_nokia_print_compass_calib)
    gps_print_nokia                          0x0800acbd   Thumb Code   108  gps_compass.o(i.gps_print_nokia)
    gps_read_register_comp                   0x0800ad61   Thumb Code    46  gps_compass.o(i.gps_read_register_comp)
    gps_rewrite_dma                          0x0800ad9d   Thumb Code    64  gps_compass.o(i.gps_rewrite_dma)
    gps_write_register_comp                  0x0800ade5   Thumb Code    30  gps_compass.o(i.gps_write_register_comp)
    lidar_print_nokia                        0x0800ae0d   Thumb Code   938  lidar.o(i.lidar_print_nokia)
    lidar_to_XY                              0x0800b1e1   Thumb Code   992  lidar.o(i.lidar_to_XY)
    main                                     0x0800b5e5   Thumb Code   316  main.o(i.main)
    objekto_find_handleris                   0x0800b7b5   Thumb Code   354  lidar.o(i.objekto_find_handleris)
    ofs_calib_mm_down                        0x0800b945   Thumb Code    12  ofs.o(i.ofs_calib_mm_down)
    ofs_calib_mm_up                          0x0800b955   Thumb Code    12  ofs.o(i.ofs_calib_mm_up)
    ofs_get_posYmm                           0x0800b965   Thumb Code     8  ofs.o(i.ofs_get_posYmm)
    ofs_handler                              0x0800b971   Thumb Code   706  ofs.o(i.ofs_handler)
    ofs_reset_save_calib                     0x0800bc51   Thumb Code    48  ofs.o(i.ofs_reset_save_calib)
    ofs_set_kalib                            0x0800bc91   Thumb Code    52  ofs.o(i.ofs_set_kalib)
    ofs_start_calib                          0x0800bcdd   Thumb Code    50  ofs.o(i.ofs_start_calib)
    pap_beep_mult                            0x0800bd19   Thumb Code    40  papildomi.o(i.pap_beep_mult)
    papildomi_beep_handler                   0x0800bd45   Thumb Code   178  papildomi.o(i.papildomi_beep_handler)
    papildomi_init                           0x0800be01   Thumb Code   118  papildomi.o(i.papildomi_init)
    read_RGB                                 0x0800be85   Thumb Code   158  color.o(i.read_RGB)
    read_reg                                 0x0800bf45   Thumb Code    68  ofs.o(i.read_reg)
    read_register                            0x0800bf99   Thumb Code    50  color.o(i.read_register)
    servo_disable                            0x0800bfd9   Thumb Code    10  servo.o(i.servo_disable)
    servo_nuleisti                           0x0800bfe9   Thumb Code    12  servo.o(i.servo_nuleisti)
    servo_nuleisti_griebtuva                 0x0800bff5   Thumb Code    12  servo.o(i.servo_nuleisti_griebtuva)
    servo_pakelt                             0x0800c001   Thumb Code    12  servo.o(i.servo_pakelt)
    servo_pakelti_griebtuva                  0x0800c00d   Thumb Code    12  servo.o(i.servo_pakelti_griebtuva)
    set_L_dir_For                            0x0800c019   Thumb Code    14  zingsniniai_varikliai.o(i.set_L_dir_For)
    set_L_dir_Rev                            0x0800c02d   Thumb Code    14  zingsniniai_varikliai.o(i.set_L_dir_Rev)
    set_R_dir_For                            0x0800c041   Thumb Code    14  zingsniniai_varikliai.o(i.set_R_dir_For)
    set_R_dir_Rev                            0x0800c055   Thumb Code    14  zingsniniai_varikliai.o(i.set_R_dir_Rev)
    set_servo                                0x0800c069   Thumb Code    16  servo.o(i.set_servo)
    sys_tick_init                            0x0800c081   Thumb Code    54  plokstes_init.o(i.sys_tick_init)
    test_reset                               0x0800c0c1   Thumb Code    10  zingsniniai_varikliai.o(i.test_reset)
    test_turn_left                           0x0800c0d1   Thumb Code   142  zingsniniai_varikliai.o(i.test_turn_left)
    test_turn_right                          0x0800c169   Thumb Code    30  zingsniniai_varikliai.o(i.test_turn_right)
    test_zv_forfard                          0x0800c191   Thumb Code    28  zingsniniai_varikliai.o(i.test_zv_forfard)
    trasos_iveikias_Ymm                      0x0800c1b5   Thumb Code    42  trasos_iveikimas.o(i.trasos_iveikias_Ymm)
    trasos_iveikimas_paieska                 0x0800c1e9   Thumb Code    22  trasos_iveikimas.o(i.trasos_iveikimas_paieska)
    trasos_iveikimas_start_iki_linijos       0x0800c205   Thumb Code    22  trasos_iveikimas.o(i.trasos_iveikimas_start_iki_linijos)
    ultragarsas_get_centras                  0x0800c221   Thumb Code    20  ultragarsas.o(i.ultragarsas_get_centras)
    ultragarsas_get_desinys                  0x0800c239   Thumb Code    20  ultragarsas.o(i.ultragarsas_get_desinys)
    ultragarsas_get_kairys                   0x0800c251   Thumb Code    20  ultragarsas.o(i.ultragarsas_get_kairys)
    ultragarsas_print_nokia                  0x0800c269   Thumb Code   146  ultragarsas.o(i.ultragarsas_print_nokia)
    update_tim2_period                       0x0800c339   Thumb Code    68  zingsniniai_varikliai.o(i.update_tim2_period)
    update_tim3_period                       0x0800c385   Thumb Code    58  zingsniniai_varikliai.o(i.update_tim3_period)
    vprint                                   0x0800c3cd   Thumb Code    46  debuguart.o(i.vprint)
    vprint_nokia                             0x0800c401   Thumb Code    60  pd8544.o(i.vprint_nokia)
    write_register                           0x0800c43d   Thumb Code    36  color.o(i.write_register)
    zv_GetHeadingError                       0x0800c469   Thumb Code    80  zingsniniai_varikliai.o(i.zv_GetHeadingError)
    zv_disable                               0x0800c4c1   Thumb Code    24  zingsniniai_varikliai.o(i.zv_disable)
    zv_enable                                0x0800c4e1   Thumb Code    24  zingsniniai_varikliai.o(i.zv_enable)
    zv_forward                               0x0800c501   Thumb Code    36  zingsniniai_varikliai.o(i.zv_forward)
    zv_gpio_init                             0x0800c529   Thumb Code   162  zingsniniai_varikliai.o(i.zv_gpio_init)
    zv_handler                               0x0800c5e5   Thumb Code  1084  zingsniniai_varikliai.o(i.zv_handler)
    zv_init                                  0x0800ca25   Thumb Code   180  zingsniniai_varikliai.o(i.zv_init)
    zv_kampas                                0x0800caf1   Thumb Code   168  zingsniniai_varikliai.o(i.zv_kampas)
    zv_set_forward                           0x0800cb9d   Thumb Code    12  zingsniniai_varikliai.o(i.zv_set_forward)
    zv_set_turn                              0x0800cbad   Thumb Code    12  zingsniniai_varikliai.o(i.zv_set_turn)
    zv_task_clear_stop                       0x0800cbbd   Thumb Code    32  zingsniniai_varikliai.o(i.zv_task_clear_stop)
    zv_task_finished                         0x0800cbe5   Thumb Code    32  zingsniniai_varikliai.o(i.zv_task_finished)
    zv_task_handler                          0x0800cc09   Thumb Code   682  zingsniniai_varikliai.o(i.zv_task_handler)
    zv_task_push2                            0x0800cec9   Thumb Code    48  zingsniniai_varikliai.o(i.zv_task_push2)
    zv_tick_10hz                             0x0800cefd   Thumb Code    24  zingsniniai_varikliai.o(i.zv_tick_10hz)
    _get_lc_numeric                          0x0800cf19   Thumb Code    44  lc_numeric_c.o(locale$$code)
    _get_lc_ctype                            0x0800cf45   Thumb Code    44  lc_ctype_c.o(locale$$code)
    __aeabi_dneg                             0x0800cf71   Thumb Code     0  basic.o(x$fpl$basic)
    _dneg                                    0x0800cf71   Thumb Code     6  basic.o(x$fpl$basic)
    __aeabi_fneg                             0x0800cf77   Thumb Code     0  basic.o(x$fpl$basic)
    _fneg                                    0x0800cf77   Thumb Code     6  basic.o(x$fpl$basic)
    _dabs                                    0x0800cf7d   Thumb Code     6  basic.o(x$fpl$basic)
    _fabs                                    0x0800cf83   Thumb Code     6  basic.o(x$fpl$basic)
    __aeabi_d2f                              0x0800cf89   Thumb Code     0  d2f.o(x$fpl$d2f)
    _d2f                                     0x0800cf89   Thumb Code    98  d2f.o(x$fpl$d2f)
    __aeabi_dadd                             0x0800cfed   Thumb Code     0  daddsub_clz.o(x$fpl$dadd)
    _dadd                                    0x0800cfed   Thumb Code   332  daddsub_clz.o(x$fpl$dadd)
    __aeabi_ddiv                             0x0800d13d   Thumb Code     0  ddiv.o(x$fpl$ddiv)
    _ddiv                                    0x0800d13d   Thumb Code   552  ddiv.o(x$fpl$ddiv)
    __aeabi_ui2d                             0x0800d3ed   Thumb Code     0  dflt_clz.o(x$fpl$dfltu)
    _dfltu                                   0x0800d3ed   Thumb Code    38  dflt_clz.o(x$fpl$dfltu)
    __aeabi_dmul                             0x0800d415   Thumb Code     0  dmul.o(x$fpl$dmul)
    _dmul                                    0x0800d415   Thumb Code   332  dmul.o(x$fpl$dmul)
    __fpl_dnaninf                            0x0800d569   Thumb Code   156  dnaninf.o(x$fpl$dnaninf)
    __fpl_dretinf                            0x0800d605   Thumb Code    12  dretinf.o(x$fpl$dretinf)
    __aeabi_drsub                            0x0800d611   Thumb Code     0  daddsub_clz.o(x$fpl$drsb)
    _drsb                                    0x0800d611   Thumb Code    22  daddsub_clz.o(x$fpl$drsb)
    __aeabi_dsub                             0x0800d629   Thumb Code     0  daddsub_clz.o(x$fpl$dsub)
    _dsub                                    0x0800d629   Thumb Code   464  daddsub_clz.o(x$fpl$dsub)
    __aeabi_f2d                              0x0800d7fd   Thumb Code     0  f2d.o(x$fpl$f2d)
    _f2d                                     0x0800d7fd   Thumb Code    86  f2d.o(x$fpl$f2d)
    __fpl_fnaninf                            0x0800d853   Thumb Code   140  fnaninf.o(x$fpl$fnaninf)
    _fp_init                                 0x0800d8df   Thumb Code    10  fpinit.o(x$fpl$fpinit)
    __fplib_config_fpu_vfp                   0x0800d8e7   Thumb Code     0  fpinit.o(x$fpl$fpinit)
    __fplib_config_pureend_doubles           0x0800d8e7   Thumb Code     0  fpinit.o(x$fpl$fpinit)
    __fpl_fretinf                            0x0800d8e9   Thumb Code    10  fretinf.o(x$fpl$fretinf)
    _printf_fp_dec                           0x0800d8f3   Thumb Code     4  printf1.o(x$fpl$printf1)
    _printf_fp_hex                           0x0800d8f7   Thumb Code     4  printf2.o(x$fpl$printf2)
    PCD8544_Font5x7                          0x0800d8fa   Data         582  pd8544.o(.constdata)
    __I$use$fp                               0x0800d8fa   Number         0  usenofp.o(x$fpl$usenofp)
    PCD8544_Font3x5                          0x0800db40   Data         318  pd8544.o(.constdata)
    init_img                                 0x0800dc7e   Data         504  ekranas_atv.o(.constdata)
    APBAHBPrescTable                         0x0800dea0   Data          16  stm32f4xx_hal_rcc.o(.constdata)
    __mathlib_zero                           0x0800df90   Data           8  qnan.o(.constdata)
    Region$$Table$$Base                      0x0800e214   Number         0  anon$$obj.o(Region$$Table)
    Region$$Table$$Limit                     0x0800e234   Number         0  anon$$obj.o(Region$$Table)
    __ctype                                  0x0800e25d   Data           0  lc_ctype_c.o(locale$$data)
    nust_zv                                  0x20000000   Data          16  main.o(.data)
    calib_comp                               0x20000010   Data           8  main.o(.data)
    calib_ofs                                0x20000018   Data           4  main.o(.data)
    sys_tick_counter                         0x2000001c   Data           2  main.o(.data)
    a                                        0x2000001e   Data           1  main.o(.data)
    c                                        0x2000001f   Data           1  main.o(.data)
    d                                        0x20000020   Data           1  main.o(.data)
    ofs_handler_30ms                         0x20000021   Data           1  main.o(.data)
    zv                                       0x20000024   Data          48  zingsniniai_varikliai.o(.data)
    greitis_to                               0x20000056   Data           2  zingsniniai_varikliai.o(.data)
    greitis_esamas                           0x20000058   Data           2  zingsniniai_varikliai.o(.data)
    init_ok                                  0x2000005a   Data           1  zingsniniai_varikliai.o(.data)
    Speed                                    0x2000005c   Data           2  lidar.o(.data)
    GoodReadings                             0x2000005e   Data           2  lidar.o(.data)
    BadReadings                              0x20000060   Data           2  lidar.o(.data)
    AnglesCovered                            0x20000062   Data           2  lidar.o(.data)
    minimumas                                0x20000064   Data           2  lidar.o(.data)
    minimumo_kampas                          0x20000066   Data           2  lidar.o(.data)
    min_kampas_rad                           0x20000068   Data           4  lidar.o(.data)
    rad_todeg                                0x2000006c   Data           4  lidar.o(.data)
    Xzym                                     0x20000070   Data           4  lidar.o(.data)
    Yzym                                     0x20000074   Data           4  lidar.o(.data)
    esamas_kampas                            0x20000078   Data           4  lidar.o(.data)
    minimumas_kaire_priekis                  0x2000007c   Data           2  lidar.o(.data)
    minimumas_kaire_priekis_kampas           0x2000007e   Data           2  lidar.o(.data)
    minimumas_desine_priekis                 0x20000080   Data           2  lidar.o(.data)
    minimumas_desine_priekis_kampas          0x20000082   Data           2  lidar.o(.data)
    minimumas_kaire_sonas                    0x20000084   Data           2  lidar.o(.data)
    minimumas_kaire_sonas_kampas             0x20000086   Data           2  lidar.o(.data)
    minimumas_desine_sonas                   0x20000088   Data           2  lidar.o(.data)
    minimumas_desine_sonas_kampas            0x2000008a   Data           2  lidar.o(.data)
    ofs                                      0x2000008c   Data          72  ofs.o(.data)
    iii                                      0x200000d4   Data           1  ofs.o(.data)
    jjj                                      0x200000d5   Data           1  ofs.o(.data)
    regValue                                 0x200000d6   Data           1  ofs.o(.data)
    pixelValue                               0x200000d7   Data           1  ofs.o(.data)
    servo_last                               0x200000d8   Data           2  servo.o(.data)
    X_glob_trasa                             0x200000dc   Data           4  trasos_iveikimas.o(.data)
    Y_glob_trasa                             0x200000e0   Data           4  trasos_iveikimas.o(.data)
    ti                                       0x200000e4   Data          36  trasos_iveikimas.o(.data)
    uhADCxConvertedValue                     0x20000190   Data           2  adc.o(.data)
    flag_can_poll                            0x20000192   Data           1  adc.o(.data)
    aTxBuffer_i2c                            0x20000194   Data          10  color.o(.data)
    read_reg_data                            0x2000019e   Data           1  color.o(.data)
    Red                                      0x200001a0   Data           2  color.o(.data)
    Green                                    0x200001a2   Data           2  color.o(.data)
    Blue                                     0x200001a4   Data           2  color.o(.data)
    max_red                                  0x200001a6   Data           2  color.o(.data)
    max_green                                0x200001a8   Data           2  color.o(.data)
    max_blue                                 0x200001aa   Data           2  color.o(.data)
    min_red                                  0x200001ac   Data           2  color.o(.data)
    min_green                                0x200001ae   Data           2  color.o(.data)
    min_blue                                 0x200001b0   Data           2  color.o(.data)
    santikis_red                             0x200001b4   Data           4  color.o(.data)
    santikis_blue                            0x200001b8   Data           4  color.o(.data)
    PCD8544_UpdateXmin                       0x200001bc   Data           1  pd8544.o(.data)
    PCD8544_UpdateXmax                       0x200001bd   Data           1  pd8544.o(.data)
    PCD8544_UpdateYmin                       0x200001be   Data           1  pd8544.o(.data)
    PCD8544_UpdateYmax                       0x200001bf   Data           1  pd8544.o(.data)
    PCD8544_x                                0x200001c0   Data           1  pd8544.o(.data)
    PCD8544_y                                0x200001c1   Data           1  pd8544.o(.data)
    first_layer                              0x200001fc   Data          36  ekranas_atv.o(.data)
    second_layer                             0x20000220   Data         400  ekranas_atv.o(.data)
    null_strr                                0x200003b0   Data           4  ekranas_atv.o(.data)
    ekranas                                  0x200003b4   Data          20  ekranas_atv.o(.data)
    ultragaras                               0x200003c8   Data          64  ultragarsas.o(.data)
    TIM1_IC1Value                            0x20000408   Data           4  ultragarsas.o(.data)
    TIM1_IC2Value                            0x2000040c   Data           4  ultragarsas.o(.data)
    TIM1_IC3Value                            0x20000410   Data           4  ultragarsas.o(.data)
    TIM1_IC4Value                            0x20000414   Data           4  ultragarsas.o(.data)
    compass                                  0x20000444   Data          52  gps_compass.o(.data)
    SystemCoreClock                          0x2000047c   Data           4  system_stm32f4xx.o(.data)
    SYS_TIMER                                0x20000530   Data          60  plokstes_init.o(.bss)
    htim2                                    0x2000056c   Data          60  zingsniniai_varikliai.o(.bss)
    htim3                                    0x200005a8   Data          60  zingsniniai_varikliai.o(.bss)
    hOC2                                     0x200005e4   Data          28  zingsniniai_varikliai.o(.bss)
    hOC3                                     0x20000600   Data          28  zingsniniai_varikliai.o(.bss)
    hdma_tim2                                0x2000061c   Data          88  zingsniniai_varikliai.o(.bss)
    hdma_tim3                                0x20000674   Data          88  zingsniniai_varikliai.o(.bss)
    zv_task                                  0x200006cc   Data        3092  zingsniniai_varikliai.o(.bss)
    htim9                                    0x20001308   Data          60  lidar.o(.bss)
    hOC9                                     0x20001344   Data          28  lidar.o(.bss)
    GPIO_E_st                                0x20001360   Data          20  lidar.o(.bss)
    Uart_lidar                               0x20001374   Data          64  lidar.o(.bss)
    xv11_dma_rx_buff                         0x200013b4   Data         242  lidar.o(.bss)
    lidar                                    0x200014a8   Data        9072  lidar.o(.bss)
    Distance                                 0x20003818   Data         720  lidar.o(.bss)
    Uartdebug                                0x20003ae8   Data          64  debuguart.o(.bss)
    SpiHandle                                0x20003b28   Data          88  ofs.o(.bss)
    aTxBuffer                                0x20003b80   Data          10  ofs.o(.bss)
    aRxBuffer                                0x20003b8a   Data          10  ofs.o(.bss)
    htim4                                    0x20003b94   Data          60  servo.o(.bss)
    hOC4                                     0x20003bd0   Data          28  servo.o(.bss)
    GPIO_D_servo                             0x20003bec   Data          20  servo.o(.bss)
    ti_paieska                               0x20003c00   Data          16  trasos_iveikimas.o(.bss)
    print_nok                                0x20003c10   Data          20  trasos_iveikimas.o(.bss)
    AdcHandle                                0x20003c24   Data          68  adc.o(.bss)
    sConfig                                  0x20003c68   Data          16  adc.o(.bss)
    I2cHandle                                0x20003c78   Data          60  color.o(.bss)
    aRxBuffer_i2c                            0x20003cb4   Data          10  color.o(.bss)
    TxBuffer_i2c_EE                          0x20003cbe   Data          10  color.o(.bss)
    RxBuffer_i2c_EE                          0x20003cc8   Data         256  color.o(.bss)
    SpiPD8544                                0x20003dc8   Data          88  pd8544.o(.bss)
    PCD8544_Buffer                           0x20003e20   Data         504  pd8544.o(.bss)
    aTxBufferPD                              0x20004018   Data          10  pd8544.o(.bss)
    htim1                                    0x20004024   Data          60  ultragarsas.o(.bss)
    sConfigIC                                0x20004060   Data          16  ultragarsas.o(.bss)
    beep                                     0x20004070   Data          18  papildomi.o(.bss)
    gps                                      0x20004084   Data         648  gps_compass.o(.bss)
    hi2c2                                    0x2000430c   Data          60  gps_compass.o(.bss)
    huart6                                   0x20004348   Data          64  gps_compass.o(.bss)
    hdma_usart6_rx                           0x20004388   Data          88  gps_compass.o(.bss)
    rx_dma_gps_buff                          0x200043e0   Data          25  gps_compass.o(.bss)
    aTxBuff_comp                             0x200043f9   Data          10  gps_compass.o(.bss)
    aRxBuff_comp                             0x20004403   Data          10  gps_compass.o(.bss)
    dstar                                    0x20004410   Data        2240  dstar.o(.bss)
    __libspace_start                         0x20004cd0   Data          96  libspace.o(.bss)
    __temporary_stack_top$libspace           0x20004d30   Data           0  libspace.o(.bss)



==============================================================================

Memory Map of the image

  Image Entry point : 0x08000189

  Load Region LR_IROM1 (Base: 0x08000000, Size: 0x0000e7e0, Max: 0x00100000, ABSOLUTE, COMPRESSED[0x0000e47c])

    Execution Region ER_IROM1 (Base: 0x08000000, Size: 0x0000e360, Max: 0x00100000, ABSOLUTE)

    Base Addr    Size         Type   Attr      Idx    E Section Name        Object

    0x08000000   0x00000188   Data   RO         5449    RESET               startup_stm32f407xx.o
    0x08000188   0x00000008   Code   RO         5511  * !!!main             c_w.l(__main.o)
    0x08000190   0x00000034   Code   RO         5967    !!!scatter          c_w.l(__scatter.o)
    0x080001c4   0x0000005a   Code   RO         5965    !!dczerorl2         c_w.l(__dczerorl2.o)
    0x0800021e   0x00000002   PAD
    0x08000220   0x0000001c   Code   RO         5969    !!handler_zi        c_w.l(__scatter_zi.o)
    0x0800023c   0x00000000   Code   RO         5649    .ARM.Collect$$_printf_percent$$00000000  c_w.l(_printf_percent.o)
    0x0800023c   0x00000006   Code   RO         5638    .ARM.Collect$$_printf_percent$$00000001  c_w.l(_printf_n.o)
    0x08000242   0x00000006   Code   RO         5640    .ARM.Collect$$_printf_percent$$00000002  c_w.l(_printf_p.o)
    0x08000248   0x00000006   Code   RO         5645    .ARM.Collect$$_printf_percent$$00000003  c_w.l(_printf_f.o)
    0x0800024e   0x00000006   Code   RO         5646    .ARM.Collect$$_printf_percent$$00000004  c_w.l(_printf_e.o)
    0x08000254   0x00000006   Code   RO         5647    .ARM.Collect$$_printf_percent$$00000005  c_w.l(_printf_g.o)
    0x0800025a   0x00000006   Code   RO         5648    .ARM.Collect$$_printf_percent$$00000006  c_w.l(_printf_a.o)
    0x08000260   0x0000000a   Code   RO         5653    .ARM.Collect$$_printf_percent$$00000007  c_w.l(_printf_ll.o)
    0x0800026a   0x00000006   Code   RO         5642    .ARM.Collect$$_printf_percent$$00000008  c_w.l(_printf_i.o)
    0x08000270   0x00000006   Code   RO         5643    .ARM.Collect$$_printf_percent$$00000009  c_w.l(_printf_d.o)
    0x08000276   0x00000006   Code   RO         5644    .ARM.Collect$$_printf_percent$$0000000A  c_w.l(_printf_u.o)
    0x0800027c   0x00000006   Code   RO         5641    .ARM.Collect$$_printf_percent$$0000000B  c_w.l(_printf_o.o)
    0x08000282   0x00000006   Code   RO         5639    .ARM.Collect$$_printf_percent$$0000000C  c_w.l(_printf_x.o)
    0x08000288   0x00000006   Code   RO         5650    .ARM.Collect$$_printf_percent$$0000000D  c_w.l(_printf_lli.o)
    0x0800028e   0x00000006   Code   RO         5651    .ARM.Collect$$_printf_percent$$0000000E  c_w.l(_printf_lld.o)
    0x08000294   0x00000006   Code   RO         5652    .ARM.Collect$$_printf_percent$$0000000F  c_w.l(_printf_llu.o)
    0x0800029a   0x00000006   Code   RO         5657    .ARM.Collect$$_printf_percent$$00000010  c_w.l(_printf_llo.o)
    0x080002a0   0x00000006   Code   RO         5658    .ARM.Collect$$_printf_percent$$00000011  c_w.l(_printf_llx.o)
    0x080002a6   0x0000000a   Code   RO         5654    .ARM.Collect$$_printf_percent$$00000012  c_w.l(_printf_l.o)
    0x080002b0   0x00000006   Code   RO         5636    .ARM.Collect$$_printf_percent$$00000013  c_w.l(_printf_c.o)
    0x080002b6   0x00000006   Code   RO         5637    .ARM.Collect$$_printf_percent$$00000014  c_w.l(_printf_s.o)
    0x080002bc   0x00000006   Code   RO         5655    .ARM.Collect$$_printf_percent$$00000015  c_w.l(_printf_lc.o)
    0x080002c2   0x00000006   Code   RO         5656    .ARM.Collect$$_printf_percent$$00000016  c_w.l(_printf_ls.o)
    0x080002c8   0x00000004   Code   RO         5775    .ARM.Collect$$_printf_percent$$00000017  c_w.l(_printf_percent_end.o)
    0x080002cc   0x00000002   Code   RO         5831    .ARM.Collect$$libinit$$00000000  c_w.l(libinit.o)
    0x080002ce   0x00000004   Code   RO         5841    .ARM.Collect$$libinit$$00000001  c_w.l(libinit2.o)
    0x080002d2   0x00000000   Code   RO         5844    .ARM.Collect$$libinit$$00000004  c_w.l(libinit2.o)
    0x080002d2   0x00000000   Code   RO         5847    .ARM.Collect$$libinit$$0000000A  c_w.l(libinit2.o)
    0x080002d2   0x00000000   Code   RO         5849    .ARM.Collect$$libinit$$0000000C  c_w.l(libinit2.o)
    0x080002d2   0x00000000   Code   RO         5851    .ARM.Collect$$libinit$$0000000E  c_w.l(libinit2.o)
    0x080002d2   0x00000006   Code   RO         5852    .ARM.Collect$$libinit$$0000000F  c_w.l(libinit2.o)
    0x080002d8   0x00000000   Code   RO         5854    .ARM.Collect$$libinit$$00000011  c_w.l(libinit2.o)
    0x080002d8   0x0000000c   Code   RO         5855    .ARM.Collect$$libinit$$00000012  c_w.l(libinit2.o)
    0x080002e4   0x00000000   Code   RO         5856    .ARM.Collect$$libinit$$00000013  c_w.l(libinit2.o)
    0x080002e4   0x00000000   Code   RO         5858    .ARM.Collect$$libinit$$00000015  c_w.l(libinit2.o)
    0x080002e4   0x0000000a   Code   RO         5859    .ARM.Collect$$libinit$$00000016  c_w.l(libinit2.o)
    0x080002ee   0x00000000   Code   RO         5860    .ARM.Collect$$libinit$$00000017  c_w.l(libinit2.o)
    0x080002ee   0x00000000   Code   RO         5862    .ARM.Collect$$libinit$$00000019  c_w.l(libinit2.o)
    0x080002ee   0x00000000   Code   RO         5864    .ARM.Collect$$libinit$$0000001B  c_w.l(libinit2.o)
    0x080002ee   0x00000000   Code   RO         5866    .ARM.Collect$$libinit$$0000001D  c_w.l(libinit2.o)
    0x080002ee   0x00000000   Code   RO         5868    .ARM.Collect$$libinit$$0000001F  c_w.l(libinit2.o)
    0x080002ee   0x00000000   Code   RO         5870    .ARM.Collect$$libinit$$00000021  c_w.l(libinit2.o)
    0x080002ee   0x00000000   Code   RO         5872    .ARM.Collect$$libinit$$00000023  c_w.l(libinit2.o)
    0x080002ee   0x00000000   Code   RO         5874    .ARM.Collect$$libinit$$00000025  c_w.l(libinit2.o)
    0x080002ee   0x00000000   Code   RO         5878    .ARM.Collect$$libinit$$0000002C  c_w.l(libinit2.o)
    0x080002ee   0x00000000   Code   RO         5880    .ARM.Collect$$libinit$$0000002E  c_w.l(libinit2.o)
    0x080002ee   0x00000000   Code   RO         5882    .ARM.Collect$$libinit$$00000030  c_w.l(libinit2.o)
    0x080002ee   0x00000000   Code   RO         5884    .ARM.Collect$$libinit$$00000032  c_w.l(libinit2.o)
    0x080002ee   0x00000002   Code   RO         5885    .ARM.Collect$$libinit$$00000033  c_w.l(libinit2.o)
    0x080002f0   0x00000002   Code   RO         5905    .ARM.Collect$$libshutdown$$00000000  c_w.l(libshutdown.o)
    0x080002f2   0x00000000   Code   RO         5918    .ARM.Collect$$libshutdown$$00000002  c_w.l(libshutdown2.o)
    0x080002f2   0x00000000   Code   RO         5920    .ARM.Collect$$libshutdown$$00000004  c_w.l(libshutdown2.o)
    0x080002f2   0x00000000   Code   RO         5923    .ARM.Collect$$libshutdown$$00000007  c_w.l(libshutdown2.o)
    0x080002f2   0x00000000   Code   RO         5926    .ARM.Collect$$libshutdown$$0000000A  c_w.l(libshutdown2.o)
    0x080002f2   0x00000000   Code   RO         5928    .ARM.Collect$$libshutdown$$0000000C  c_w.l(libshutdown2.o)
    0x080002f2   0x00000000   Code   RO         5931    .ARM.Collect$$libshutdown$$0000000F  c_w.l(libshutdown2.o)
    0x080002f2   0x00000002   Code   RO         5932    .ARM.Collect$$libshutdown$$00000010  c_w.l(libshutdown2.o)
    0x080002f4   0x00000000   Code   RO         5565    .ARM.Collect$$rtentry$$00000000  c_w.l(__rtentry.o)
    0x080002f4   0x00000000   Code   RO         5741    .ARM.Collect$$rtentry$$00000002  c_w.l(__rtentry2.o)
    0x080002f4   0x00000006   Code   RO         5753    .ARM.Collect$$rtentry$$00000004  c_w.l(__rtentry4.o)
    0x080002fa   0x00000000   Code   RO         5743    .ARM.Collect$$rtentry$$00000009  c_w.l(__rtentry2.o)
    0x080002fa   0x00000004   Code   RO         5744    .ARM.Collect$$rtentry$$0000000A  c_w.l(__rtentry2.o)
    0x080002fe   0x00000000   Code   RO         5746    .ARM.Collect$$rtentry$$0000000C  c_w.l(__rtentry2.o)
    0x080002fe   0x00000008   Code   RO         5747    .ARM.Collect$$rtentry$$0000000D  c_w.l(__rtentry2.o)
    0x08000306   0x00000002   Code   RO         5834    .ARM.Collect$$rtexit$$00000000  c_w.l(rtexit.o)
    0x08000308   0x00000000   Code   RO         5887    .ARM.Collect$$rtexit$$00000002  c_w.l(rtexit2.o)
    0x08000308   0x00000004   Code   RO         5888    .ARM.Collect$$rtexit$$00000003  c_w.l(rtexit2.o)
    0x0800030c   0x00000006   Code   RO         5889    .ARM.Collect$$rtexit$$00000004  c_w.l(rtexit2.o)
    0x08000312   0x00000002   PAD
    0x08000314   0x00000040   Code   RO         5450    .text               startup_stm32f407xx.o
    0x08000354   0x00000024   Code   RO         5493    .text               c_w.l(vsprintf.o)
    0x08000378   0x0000002c   Code   RO         5495    .text               c_w.l(__2sprintf.o)
    0x080003a4   0x0000003e   Code   RO         5499    .text               c_w.l(strlen.o)
    0x080003e2   0x0000008a   Code   RO         5501    .text               c_w.l(rt_memcpy_v6.o)
    0x0800046c   0x00000010   Code   RO         5503    .text               c_w.l(aeabi_memset.o)
    0x0800047c   0x00000044   Code   RO         5505    .text               c_w.l(rt_memclr.o)
    0x080004c0   0x0000004e   Code   RO         5507    .text               c_w.l(rt_memclr_w.o)
    0x0800050e   0x00000006   Code   RO         5509    .text               c_w.l(heapauxi.o)
    0x08000514   0x00000016   Code   RO         5566    .text               c_w.l(_rserrno.o)
    0x0800052a   0x0000004e   Code   RO         5570    .text               c_w.l(_printf_pad.o)
    0x08000578   0x00000024   Code   RO         5572    .text               c_w.l(_printf_truncate.o)
    0x0800059c   0x00000052   Code   RO         5574    .text               c_w.l(_printf_str.o)
    0x080005ee   0x00000002   PAD
    0x080005f0   0x00000078   Code   RO         5576    .text               c_w.l(_printf_dec.o)
    0x08000668   0x00000028   Code   RO         5578    .text               c_w.l(_printf_charcount.o)
    0x08000690   0x00000030   Code   RO         5580    .text               c_w.l(_printf_char_common.o)
    0x080006c0   0x0000000a   Code   RO         5582    .text               c_w.l(_sputc.o)
    0x080006ca   0x00000002   PAD
    0x080006cc   0x000000bc   Code   RO         5584    .text               c_w.l(_printf_wctomb.o)
    0x08000788   0x0000007c   Code   RO         5587    .text               c_w.l(_printf_longlong_dec.o)
    0x08000804   0x00000070   Code   RO         5593    .text               c_w.l(_printf_oct_int_ll.o)
    0x08000874   0x00000094   Code   RO         5613    .text               c_w.l(_printf_hex_int_ll_ptr.o)
    0x08000908   0x00000188   Code   RO         5633    .text               c_w.l(__printf_flags_ss_wp.o)
    0x08000a90   0x00000064   Code   RO         5659    .text               c_w.l(rt_memcpy_w.o)
    0x08000af4   0x00000008   Code   RO         5758    .text               c_w.l(rt_errno_addr_intlibspace.o)
    0x08000afc   0x0000008a   Code   RO         5760    .text               c_w.l(lludiv10.o)
    0x08000b86   0x000000b2   Code   RO         5762    .text               c_w.l(_printf_intcommon.o)
    0x08000c38   0x0000041a   Code   RO         5764    .text               c_w.l(_printf_fp_dec.o)
    0x08001052   0x00000002   PAD
    0x08001054   0x000002fc   Code   RO         5766    .text               c_w.l(_printf_fp_hex.o)
    0x08001350   0x0000002c   Code   RO         5771    .text               c_w.l(_printf_char.o)
    0x0800137c   0x0000002c   Code   RO         5773    .text               c_w.l(_printf_wchar.o)
    0x080013a8   0x00000040   Code   RO         5776    .text               c_w.l(_wcrtomb.o)
    0x080013e8   0x00000008   Code   RO         5782    .text               c_w.l(libspace.o)
    0x080013f0   0x0000004a   Code   RO         5785    .text               c_w.l(sys_stackheap_outer.o)
    0x0800143a   0x00000002   PAD
    0x0800143c   0x00000010   Code   RO         5787    .text               c_w.l(rt_ctype_table.o)
    0x0800144c   0x00000008   Code   RO         5792    .text               c_w.l(rt_locale_intlibspace.o)
    0x08001454   0x00000080   Code   RO         5794    .text               c_w.l(_printf_fp_infnan.o)
    0x080014d4   0x000000dc   Code   RO         5796    .text               c_w.l(bigflt0.o)
    0x080015b0   0x00000012   Code   RO         5824    .text               c_w.l(exit.o)
    0x080015c2   0x00000002   PAD
    0x080015c4   0x00000080   Code   RO         5839    .text               c_w.l(strcmpv7m.o)
    0x08001644   0x0000000c   Code   RO         5897    .text               c_w.l(sys_exit.o)
    0x08001650   0x00000002   Code   RO         5908    .text               c_w.l(use_no_semi.o)
    0x08001652   0x00000000   Code   RO         5910    .text               c_w.l(indicate_semi.o)
    0x08001652   0x0000003e   Code   RO         5799    CL$$btod_d2e        c_w.l(btod.o)
    0x08001690   0x00000046   Code   RO         5801    CL$$btod_d2e_denorm_low  c_w.l(btod.o)
    0x080016d6   0x00000060   Code   RO         5800    CL$$btod_d2e_norm_op1  c_w.l(btod.o)
    0x08001736   0x00000338   Code   RO         5809    CL$$btod_div_common  c_w.l(btod.o)
    0x08001a6e   0x000000c6   Code   RO         5806    CL$$btod_e2e        c_w.l(btod.o)
    0x08001b34   0x00000028   Code   RO         5803    CL$$btod_ediv       c_w.l(btod.o)
    0x08001b5c   0x00000028   Code   RO         5802    CL$$btod_emul       c_w.l(btod.o)
    0x08001b84   0x00000244   Code   RO         5808    CL$$btod_mult_common  c_w.l(btod.o)
    0x08001dc8   0x00000178   Code   RO         2391    i.ADC_Init          stm32f4xx_hal_adc.o
    0x08001f40   0x00000002   Code   RO          230    i.BusFault_Handler  stm32f4xx_it.o
    0x08001f42   0x00000002   PAD
    0x08001f44   0x000000e8   Code   RO         1211    i.COLOR_init        color.o
    0x0800202c   0x00000038   Code   RO         1212    i.Color_sensor_init  color.o
    0x08002064   0x00000010   Code   RO          231    i.DMA2_Stream1_IRQHandler  stm32f4xx_it.o
    0x08002074   0x00000010   Code   RO          232    i.DMA2_Stream2_IRQHandler  stm32f4xx_it.o
    0x08002084   0x00000010   Code   RO          233    i.DMA2_Stream7_IRQHandler  stm32f4xx_it.o
    0x08002094   0x00000034   Code   RO         2791    i.DMA_CalcBaseAndBitshift  stm32f4xx_hal_dma.o
    0x080020c8   0x0000002c   Code   RO         2792    i.DMA_SetConfig     stm32f4xx_hal_dma.o
    0x080020f4   0x00000002   Code   RO          234    i.DebugMon_Handler  stm32f4xx_it.o
    0x080020f6   0x00000002   PAD
    0x080020f8   0x00000048   Code   RO         1998    i.Delay_Init        delay_simple.o
    0x08002140   0x00000006   Code   RO          430    i.Error_Handler     plokstes_init.o
    0x08002146   0x00000002   PAD
    0x08002148   0x00000194   Code   RO         2393    i.HAL_ADC_ConfigChannel  stm32f4xx_hal_adc.o
    0x080022dc   0x00000008   Code   RO         2399    i.HAL_ADC_GetState  stm32f4xx_hal_adc.o
    0x080022e4   0x00000008   Code   RO         2400    i.HAL_ADC_GetValue  stm32f4xx_hal_adc.o
    0x080022ec   0x00000050   Code   RO         2402    i.HAL_ADC_Init      stm32f4xx_hal_adc.o
    0x0800233c   0x00000002   Code   RO         2405    i.HAL_ADC_MspInit   stm32f4xx_hal_adc.o
    0x0800233e   0x00000082   Code   RO         2406    i.HAL_ADC_PollForConversion  stm32f4xx_hal_adc.o
    0x080023c0   0x000000c8   Code   RO         2408    i.HAL_ADC_Start     stm32f4xx_hal_adc.o
    0x08002488   0x00000218   Code   RO         2797    i.HAL_DMA_IRQHandler  stm32f4xx_hal_dma.o
    0x080026a0   0x00000084   Code   RO         2798    i.HAL_DMA_Init      stm32f4xx_hal_dma.o
    0x08002724   0x0000006a   Code   RO         2801    i.HAL_DMA_Start_IT  stm32f4xx_hal_dma.o
    0x0800278e   0x0000001a   Code   RO         2249    i.HAL_Delay         stm32f4xx_hal.o
    0x080027a8   0x0000020c   Code   RO         3141    i.HAL_GPIO_Init     stm32f4xx_hal_gpio.o
    0x080029b4   0x00000010   Code   RO         3143    i.HAL_GPIO_ReadPin  stm32f4xx_hal_gpio.o
    0x080029c4   0x0000000c   Code   RO         3145    i.HAL_GPIO_WritePin  stm32f4xx_hal_gpio.o
    0x080029d0   0x0000000c   Code   RO         2254    i.HAL_GetREVID      stm32f4xx_hal.o
    0x080029dc   0x0000000c   Code   RO         2255    i.HAL_GetTick       stm32f4xx_hal.o
    0x080029e8   0x00000120   Code   RO         3210    i.HAL_I2C_Init      stm32f4xx_hal_i2c.o
    0x08002b08   0x00000240   Code   RO         3214    i.HAL_I2C_Master_Receive  stm32f4xx_hal_i2c.o
    0x08002d48   0x00000120   Code   RO         3217    i.HAL_I2C_Master_Transmit  stm32f4xx_hal_i2c.o
    0x08002e68   0x00000070   Code   RO          349    i.HAL_I2C_MspInit   stm32f4xx_hal_msp.o
    0x08002ed8   0x00000010   Code   RO         2256    i.HAL_IncTick       stm32f4xx_hal.o
    0x08002ee8   0x0000003c   Code   RO         2257    i.HAL_Init          stm32f4xx_hal.o
    0x08002f24   0x00000024   Code   RO         2258    i.HAL_InitTick      stm32f4xx_hal.o
    0x08002f48   0x0000000a   Code   RO          351    i.HAL_MspInit       stm32f4xx_hal_msp.o
    0x08002f52   0x0000001a   Code   RO         2666    i.HAL_NVIC_EnableIRQ  stm32f4xx_hal_cortex.o
    0x08002f6c   0x0000007c   Code   RO         2672    i.HAL_NVIC_SetPriority  stm32f4xx_hal_cortex.o
    0x08002fe8   0x00000028   Code   RO         2673    i.HAL_NVIC_SetPriorityGrouping  stm32f4xx_hal_cortex.o
    0x08003010   0x000002b0   Code   RO         3721    i.HAL_RCC_ClockConfig  stm32f4xx_hal_rcc.o
    0x080032c0   0x00000038   Code   RO         3726    i.HAL_RCC_GetHCLKFreq  stm32f4xx_hal_rcc.o
    0x080032f8   0x0000002c   Code   RO         3728    i.HAL_RCC_GetPCLK1Freq  stm32f4xx_hal_rcc.o
    0x08003324   0x0000002c   Code   RO         3729    i.HAL_RCC_GetPCLK2Freq  stm32f4xx_hal_rcc.o
    0x08003350   0x000000b4   Code   RO         3730    i.HAL_RCC_GetSysClockFreq  stm32f4xx_hal_rcc.o
    0x08003404   0x00000408   Code   RO         3733    i.HAL_RCC_OscConfig  stm32f4xx_hal_rcc.o
    0x0800380c   0x00000002   Code   RO         3865    i.HAL_SPI_ErrorCallback  stm32f4xx_hal_spi.o
    0x0800380e   0x00000106   Code   RO         3868    i.HAL_SPI_IRQHandler  stm32f4xx_hal_spi.o
    0x08003914   0x00000088   Code   RO         3869    i.HAL_SPI_Init      stm32f4xx_hal_spi.o
    0x0800399c   0x00000248   Code   RO          352    i.HAL_SPI_MspInit   stm32f4xx_hal_msp.o
    0x08003be4   0x0000023c   Code   RO         3872    i.HAL_SPI_Receive   stm32f4xx_hal_spi.o
    0x08003e20   0x000001c2   Code   RO         3877    i.HAL_SPI_Transmit  stm32f4xx_hal_spi.o
    0x08003fe2   0x00000352   Code   RO         3878    i.HAL_SPI_TransmitReceive  stm32f4xx_hal_spi.o
    0x08004334   0x00000034   Code   RO         2677    i.HAL_SYSTICK_Config  stm32f4xx_hal_cortex.o
    0x08004368   0x00000002   Code   RO         4746    i.HAL_TIMEx_BreakCallback  stm32f4xx_hal_tim_ex.o
    0x0800436a   0x00000002   Code   RO         4747    i.HAL_TIMEx_CommutationCallback  stm32f4xx_hal_tim_ex.o
    0x0800436c   0x00000062   Code   RO         4763    i.HAL_TIMEx_MasterConfigSynchronization  stm32f4xx_hal_tim_ex.o
    0x080043ce   0x00000034   Code   RO         4107    i.HAL_TIM_Base_Init  stm32f4xx_hal_tim.o
    0x08004402   0x00000002   PAD
    0x08004404   0x0000003c   Code   RO          353    i.HAL_TIM_Base_MspInit  stm32f4xx_hal_msp.o
    0x08004440   0x0000001e   Code   RO         4112    i.HAL_TIM_Base_Start_IT  stm32f4xx_hal_tim.o
    0x0800445e   0x00000002   PAD
    0x08004460   0x00000070   Code   RO         1642    i.HAL_TIM_IC_CaptureCallback  ultragarsas.o
    0x080044d0   0x000000e0   Code   RO         4137    i.HAL_TIM_IC_ConfigChannel  stm32f4xx_hal_tim.o
    0x080045b0   0x00000034   Code   RO         4140    i.HAL_TIM_IC_Init   stm32f4xx_hal_tim.o
    0x080045e4   0x0000006c   Code   RO          354    i.HAL_TIM_IC_MspInit  stm32f4xx_hal_msp.o
    0x08004650   0x0000006c   Code   RO         4145    i.HAL_TIM_IC_Start_IT  stm32f4xx_hal_tim.o
    0x080046bc   0x00000196   Code   RO         4149    i.HAL_TIM_IRQHandler  stm32f4xx_hal_tim.o
    0x08004852   0x00000074   Code   RO         4150    i.HAL_TIM_OC_ConfigChannel  stm32f4xx_hal_tim.o
    0x080048c6   0x00000002   Code   RO         4152    i.HAL_TIM_OC_DelayElapsedCallback  stm32f4xx_hal_tim.o
    0x080048c8   0x00000034   Code   RO         4154    i.HAL_TIM_OC_Init   stm32f4xx_hal_tim.o
    0x080048fc   0x000000ec   Code   RO          355    i.HAL_TIM_OC_MspInit  stm32f4xx_hal_msp.o
    0x080049e8   0x0000004c   Code   RO         4157    i.HAL_TIM_OC_Start  stm32f4xx_hal_tim.o
    0x08004a34   0x00000108   Code   RO         4173    i.HAL_TIM_PWM_ConfigChannel  stm32f4xx_hal_tim.o
    0x08004b3c   0x00000034   Code   RO         4176    i.HAL_TIM_PWM_Init  stm32f4xx_hal_tim.o
    0x08004b70   0x00000028   Code   RO          356    i.HAL_TIM_PWM_MspInit  stm32f4xx_hal_msp.o
    0x08004b98   0x00000002   Code   RO         4179    i.HAL_TIM_PWM_PulseFinishedCallback  stm32f4xx_hal_tim.o
    0x08004b9a   0x00000002   PAD
    0x08004b9c   0x0000004c   Code   RO         4180    i.HAL_TIM_PWM_Start  stm32f4xx_hal_tim.o
    0x08004be8   0x00000510   Code   RO            4    i.HAL_TIM_PeriodElapsedCallback  main.o
    0x080050f8   0x00000054   Code   RO         4187    i.HAL_TIM_ReadCapturedValue  stm32f4xx_hal_tim.o
    0x0800514c   0x00000002   Code   RO         4190    i.HAL_TIM_TriggerCallback  stm32f4xx_hal_tim.o
    0x0800514e   0x00000002   Code   RO         4997    i.HAL_UART_ErrorCallback  stm32f4xx_hal_uart.o
    0x08005150   0x0000006e   Code   RO         5001    i.HAL_UART_Init     stm32f4xx_hal_uart.o
    0x080051be   0x00000002   PAD
    0x080051c0   0x00000230   Code   RO          358    i.HAL_UART_MspInit  stm32f4xx_hal_msp.o
    0x080053f0   0x000000a0   Code   RO         5005    i.HAL_UART_Receive_DMA  stm32f4xx_hal_uart.o
    0x08005490   0x0000006c   Code   RO          669    i.HAL_UART_RxCpltCallback  lidar.o
    0x080054fc   0x00000002   Code   RO         5008    i.HAL_UART_RxHalfCpltCallback  stm32f4xx_hal_uart.o
    0x080054fe   0x000000f0   Code   RO         5009    i.HAL_UART_Transmit  stm32f4xx_hal_uart.o
    0x080055ee   0x00000020   Code   RO         1847    i.HMC5983L_setDataRate  gps_compass.o
    0x0800560e   0x0000001c   Code   RO         1848    i.HMC5983L_setMeasurementMode  gps_compass.o
    0x0800562a   0x00000002   PAD
    0x0800562c   0x000000a8   Code   RO         1849    i.HMC5983L_setRange  gps_compass.o
    0x080056d4   0x00000020   Code   RO         1850    i.HMC5983L_setSamples  gps_compass.o
    0x080056f4   0x00000002   Code   RO          235    i.HardFault_Handler  stm32f4xx_it.o
    0x080056f6   0x00000002   PAD
    0x080056f8   0x000000fc   Code   RO         3247    i.I2C_MasterRequestRead  stm32f4xx_hal_i2c.o
    0x080057f4   0x0000008c   Code   RO         3248    i.I2C_MasterRequestWrite  stm32f4xx_hal_i2c.o
    0x08005880   0x000000de   Code   RO         3260    i.I2C_WaitOnFlagUntilTimeout  stm32f4xx_hal_i2c.o
    0x0800595e   0x000000aa   Code   RO         3261    i.I2C_WaitOnMasterAddressFlagUntilTimeout  stm32f4xx_hal_i2c.o
    0x08005a08   0x000000f8   Code   RO         1159    i.Init_ADC          adc.o
    0x08005b00   0x0000004c   Code   RO         2187    i.LED_Initialize    led_f4discovery.o
    0x08005b4c   0x00000020   Code   RO         2188    i.LED_Off           led_f4discovery.o
    0x08005b6c   0x00000020   Code   RO         2189    i.LED_On            led_f4discovery.o
    0x08005b8c   0x000000c0   Code   RO          670    i.Lidar_handleris   lidar.o
    0x08005c4c   0x000000a8   Code   RO          671    i.Lidar_init        lidar.o
    0x08005cf4   0x00000020   Code   RO          672    i.Lidar_motor_power  lidar.o
    0x08005d14   0x00000044   Code   RO          673    i.Lidar_uart_init   lidar.o
    0x08005d58   0x00000002   Code   RO          236    i.MemManage_Handler  stm32f4xx_it.o
    0x08005d5a   0x00000002   Code   RO          237    i.NMI_Handler       stm32f4xx_it.o
    0x08005d5c   0x0000001a   Code   RO         1356    i.NOKIA_PRINTF      pd8544.o
    0x08005d76   0x00000002   PAD
    0x08005d78   0x00000010   Code   RO         2679    i.NVIC_GetPriorityGrouping  stm32f4xx_hal_cortex.o
    0x08005d88   0x00000028   Code   RO         2680    i.NVIC_SetPriority  stm32f4xx_hal_cortex.o
    0x08005db0   0x00000064   Code   RO          834    i.OFSXY_print_nokia  ofs.o
    0x08005e14   0x00000064   Code   RO          835    i.OFS_init          ofs.o
    0x08005e78   0x000000a4   Code   RO          836    i.OFS_print_calib   ofs.o
    0x08005f1c   0x00000038   Code   RO         1357    i.PCD8544_Clear     pd8544.o
    0x08005f54   0x00000016   Code   RO         1358    i.PCD8544_Delay     pd8544.o
    0x08005f6a   0x00000002   PAD
    0x08005f6c   0x000000b0   Code   RO         1363    i.PCD8544_DrawPixel  pd8544.o
    0x0800601c   0x00000014   Code   RO         1365    i.PCD8544_GotoXY    pd8544.o
    0x08006030   0x00000014   Code   RO         1366    i.PCD8544_Home      pd8544.o
    0x08006044   0x00000062   Code   RO         1367    i.PCD8544_Init      pd8544.o
    0x080060a6   0x00000002   PAD
    0x080060a8   0x00000060   Code   RO         1368    i.PCD8544_InitIO    pd8544.o
    0x08006108   0x00000054   Code   RO         1370    i.PCD8544_Pin       pd8544.o
    0x0800615c   0x000000f8   Code   RO         1371    i.PCD8544_Putc      pd8544.o
    0x08006254   0x0000009c   Code   RO         1373    i.PCD8544_Refresh   pd8544.o
    0x080062f0   0x00000044   Code   RO         1375    i.PCD8544_UpdateArea  pd8544.o
    0x08006334   0x0000002c   Code   RO         1376    i.PCD8544_Write     pd8544.o
    0x08006360   0x00000030   Code   RO         1377    i.PCD8544_fillbuff  pd8544.o
    0x08006390   0x00000038   Code   RO         1378    i.PCD8544_send      pd8544.o
    0x080063c8   0x0000001a   Code   RO          788    i.PRINTF            debuguart.o
    0x080063e2   0x0000004e   Code   RO          674    i.PackageChecksum   lidar.o
    0x08006430   0x0000016c   Code   RO          675    i.ParsePackage      lidar.o
    0x0800659c   0x00000002   Code   RO          238    i.PendSV_Handler    stm32f4xx_it.o
    0x0800659e   0x00000002   PAD
    0x080065a0   0x00000010   Code   RO          239    i.SPI3_IRQHandler   stm32f4xx_it.o
    0x080065b0   0x00000114   Code   RO         3900    i.SPI_WaitOnFlagUntilTimeout  stm32f4xx_hal_spi.o
    0x080066c4   0x00000002   Code   RO          240    i.SVC_Handler       stm32f4xx_it.o
    0x080066c6   0x00000002   PAD
    0x080066c8   0x000000cc   Code   RO          949    i.Servo_init        servo.o
    0x08006794   0x00000002   Code   RO          241    i.SysTick_Handler   stm32f4xx_it.o
    0x08006796   0x00000002   PAD
    0x08006798   0x000000b4   Code   RO          431    i.SystemClock_Config  plokstes_init.o
    0x0800684c   0x00000064   Code   RO         5458    i.SystemInit        system_stm32f4xx.o
    0x080068b0   0x00000010   Code   RO          242    i.TIM1_CC_IRQHandler  stm32f4xx_it.o
    0x080068c0   0x00000010   Code   RO          243    i.TIM5_IRQHandler   stm32f4xx_it.o
    0x080068d0   0x000000e4   Code   RO         4191    i.TIM_Base_SetConfig  stm32f4xx_hal_tim.o
    0x080069b4   0x0000001c   Code   RO         4192    i.TIM_CCxChannelCmd  stm32f4xx_hal_tim.o
    0x080069d0   0x00000070   Code   RO         4200    i.TIM_OC1_SetConfig  stm32f4xx_hal_tim.o
    0x08006a40   0x00000078   Code   RO         4201    i.TIM_OC2_SetConfig  stm32f4xx_hal_tim.o
    0x08006ab8   0x00000078   Code   RO         4202    i.TIM_OC3_SetConfig  stm32f4xx_hal_tim.o
    0x08006b30   0x00000060   Code   RO         4203    i.TIM_OC4_SetConfig  stm32f4xx_hal_tim.o
    0x08006b90   0x00000098   Code   RO         4206    i.TIM_TI1_SetConfig  stm32f4xx_hal_tim.o
    0x08006c28   0x0000003e   Code   RO         4208    i.TIM_TI2_SetConfig  stm32f4xx_hal_tim.o
    0x08006c66   0x0000003c   Code   RO         4209    i.TIM_TI3_SetConfig  stm32f4xx_hal_tim.o
    0x08006ca2   0x00000040   Code   RO         4210    i.TIM_TI4_SetConfig  stm32f4xx_hal_tim.o
    0x08006ce2   0x00000002   PAD
    0x08006ce4   0x00000064   Code   RO         1080    i.Ti_print_nokia    trasos_iveikimas.o
    0x08006d48   0x00000010   Code   RO         1081    i.Trasos_iveikimas_btn_reset  trasos_iveikimas.o
    0x08006d58   0x0000086c   Code   RO         1082    i.Trasos_iveikimas_handler  trasos_iveikimas.o
    0x080075c4   0x0000048c   Code   RO         1083    i.Trasos_iveikimas_kliutys  trasos_iveikimas.o
    0x08007a50   0x00000010   Code   RO         1084    i.Trasos_iveikimas_reset  trasos_iveikimas.o
    0x08007a60   0x00000018   Code   RO         1085    i.Trasos_iveikimas_tick_1s  trasos_iveikimas.o
    0x08007a78   0x00000022   Code   RO         5014    i.UART_DMAError     stm32f4xx_hal_uart.o
    0x08007a9a   0x0000003e   Code   RO         5015    i.UART_DMAReceiveCplt  stm32f4xx_hal_uart.o
    0x08007ad8   0x0000000e   Code   RO         5016    i.UART_DMARxHalfCplt  stm32f4xx_hal_uart.o
    0x08007ae6   0x00000002   PAD
    0x08007ae8   0x00000224   Code   RO         5021    i.UART_SetConfig    stm32f4xx_hal_uart.o
    0x08007d0c   0x000000fa   Code   RO         5023    i.UART_WaitOnFlagUntilTimeout  stm32f4xx_hal_uart.o
    0x08007e06   0x00000002   PAD
    0x08007e08   0x0000004c   Code   RO         1643    i.Ultragarsas_GPIO_Init  ultragarsas.o
    0x08007e54   0x000002d8   Code   RO         1644    i.Ultragarsas_handler  ultragarsas.o
    0x0800812c   0x000000b4   Code   RO         1645    i.Ultragarsas_init  ultragarsas.o
    0x080081e0   0x00000002   Code   RO          244    i.UsageFault_Handler  stm32f4xx_it.o
    0x080081e2   0x00000002   PAD
    0x080081e4   0x00000194   Code   RO          469    i.ZV_change_step_rez  zingsniniai_varikliai.o
    0x08008378   0x00000030   Code   RO         5778    i.__ARM_fpclassify  m_wm.l(fpclassify.o)
    0x080083a8   0x00000026   Code   RO         5720    i.__ARM_fpclassifyf  m_wm.l(fpclassifyf.o)
    0x080083ce   0x00000002   PAD
    0x080083d0   0x000002d8   Code   RO         5686    i.__hardfp_atan     m_wm.l(atan.o)
    0x080086a8   0x000001f0   Code   RO         5529    i.__hardfp_atan2    m_wm.l(atan2.o)
    0x08008898   0x00000150   Code   RO         5541    i.__hardfp_cosf     m_wm.l(cosf.o)
    0x080089e8   0x00000190   Code   RO         5553    i.__hardfp_sinf     m_wm.l(sinf.o)
    0x08008b78   0x000000f8   Code   RO         5780    i.__kernel_poly     m_wm.l(poly.o)
    0x08008c70   0x00000014   Code   RO         5701    i.__mathlib_dbl_infnan  m_wm.l(dunder.o)
    0x08008c84   0x00000014   Code   RO         5702    i.__mathlib_dbl_infnan2  m_wm.l(dunder.o)
    0x08008c98   0x00000020   Code   RO         5706    i.__mathlib_dbl_underflow  m_wm.l(dunder.o)
    0x08008cb8   0x00000006   Code   RO         5723    i.__mathlib_flt_infnan  m_wm.l(funder.o)
    0x08008cbe   0x00000002   PAD
    0x08008cc0   0x00000010   Code   RO         5725    i.__mathlib_flt_invalid  m_wm.l(funder.o)
    0x08008cd0   0x00000010   Code   RO         5728    i.__mathlib_flt_underflow  m_wm.l(funder.o)
    0x08008ce0   0x00000154   Code   RO         5737    i.__mathlib_rredf2  m_wm.l(rredf.o)
    0x08008e34   0x00000012   Code   RO         1999    i._delay_us         delay_simple.o
    0x08008e46   0x0000000e   Code   RO         5626    i._is_digit         c_w.l(__printf_wp.o)
    0x08008e54   0x00000048   Code   RO         1160    i.adc_get_7_4bat_voltage  adc.o
    0x08008e9c   0x00000144   Code   RO         1161    i.adc_handler       adc.o
    0x08008fe0   0x000000dc   Code   RO         1162    i.adc_print_nokia_batVoltages  adc.o
    0x080090bc   0x00000010   Code   RO         5688    i.atan              m_wm.l(atan.o)
    0x080090cc   0x0000000c   Code   RO         1718    i.btn_bump_centras  btn_bumper.o
    0x080090d8   0x0000000c   Code   RO         1719    i.btn_bump_desinys  btn_bumper.o
    0x080090e4   0x00000098   Code   RO         1720    i.btn_bump_ekranas_print  btn_bumper.o
    0x0800917c   0x00000090   Code   RO         1722    i.btn_bump_handler  btn_bumper.o
    0x0800920c   0x00000044   Code   RO         1723    i.btn_bump_init     btn_bumper.o
    0x08009250   0x0000000c   Code   RO         1724    i.btn_bump_kairys   btn_bumper.o
    0x0800925c   0x00000214   Code   RO         1523    i.btn_nokia_handler  btn_nokia.o
    0x08009470   0x00000044   Code   RO         1524    i.btn_nokia_init    btn_nokia.o
    0x080094b4   0x00000038   Code   RO         1213    i.color_ee_read_block  color.o
    0x080094ec   0x000000f4   Code   RO         1214    i.color_ee_write_block  color.o
    0x080095e0   0x000000a0   Code   RO         1215    i.color_find_min_calc_santikis  color.o
    0x08009680   0x00000034   Code   RO         1216    i.color_get_max_min  color.o
    0x080096b4   0x000000a0   Code   RO         1217    i.color_print_rgb   color.o
    0x08009754   0x00000038   Code   RO         1218    i.color_reset_min_max  color.o
    0x0800978c   0x000000d4   Code   RO          789    i.debuguartinit     debuguart.o
    0x08009860   0x00000038   Code   RO         2044    i.dstar_add_obstacle  dstar.o
    0x08009898   0x00000034   Code   RO         2046    i.dstar_open        dstar.o
    0x080098cc   0x00000094   Code   RO         2048    i.dstar_plan        dstar.o
    0x08009960   0x0000005c   Code   RO         2050    i.dstar_printf_map  dstar.o
    0x080099bc   0x00000048   Code   RO         2053    i.dstar_reset_map   dstar.o
    0x08009a04   0x000002f0   Code   RO         1562    i.ekranas_atv_handler  ekranas_atv.o
    0x08009cf4   0x00000044   Code   RO         1563    i.ekranas_get_cur_size  ekranas_atv.o
    0x08009d38   0x00000044   Code   RO         1564    i.ekranas_get_str   ekranas_atv.o
    0x08009d7c   0x0000001c   Code   RO         1565    i.ekranas_hold_down  ekranas_atv.o
    0x08009d98   0x0000001c   Code   RO         1566    i.ekranas_hold_up   ekranas_atv.o
    0x08009db4   0x00000044   Code   RO         1567    i.ekranas_press_down  ekranas_atv.o
    0x08009df8   0x0000009c   Code   RO         1568    i.ekranas_press_ok  ekranas_atv.o
    0x08009e94   0x0000003c   Code   RO         1569    i.ekranas_press_up  ekranas_atv.o
    0x08009ed0   0x00000014   Code   RO         1570    i.ekranas_set_status  ekranas_atv.o
    0x08009ee4   0x00000018   Code   RO         5716    i.fabs              m_wm.l(fabs.o)
    0x08009efc   0x00000500   Code   RO         2055    i.find_min_open_and_procead  dstar.o
    0x0800a3fc   0x0000000c   Code   RO         1851    i.get_gps_compass_headingdeg  gps_compass.o
    0x0800a408   0x0000000c   Code   RO          677    i.get_minumas_desine_priekis  lidar.o
    0x0800a414   0x0000000c   Code   RO          678    i.get_minumas_desine_sonas  lidar.o
    0x0800a420   0x0000000c   Code   RO          679    i.get_minumas_kaire_priekis  lidar.o
    0x0800a42c   0x0000000c   Code   RO          680    i.get_minumas_kaire_sonas  lidar.o
    0x0800a438   0x0000002c   Code   RO         1852    i.gps_cacl_crc      gps_compass.o
    0x0800a464   0x00000364   Code   RO         1853    i.gps_compass_handler  gps_compass.o
    0x0800a7c8   0x00000128   Code   RO         1854    i.gps_compass_init  gps_compass.o
    0x0800a8f0   0x00000010   Code   RO         1855    i.gps_compass_reset_calibrat  gps_compass.o
    0x0800a900   0x00000024   Code   RO         1856    i.gps_compass_set_calib  gps_compass.o
    0x0800a924   0x0000003c   Code   RO         1857    i.gps_compass_set_calibrate  gps_compass.o
    0x0800a960   0x000001fc   Code   RO         1858    i.gps_handler       gps_compass.o
    0x0800ab5c   0x000000a8   Code   RO         1859    i.gps_nokia_print_compass  gps_compass.o
    0x0800ac04   0x000000b8   Code   RO         1860    i.gps_nokia_print_compass_calib  gps_compass.o
    0x0800acbc   0x000000a4   Code   RO         1861    i.gps_print_nokia   gps_compass.o
    0x0800ad60   0x0000003c   Code   RO         1862    i.gps_read_register_comp  gps_compass.o
    0x0800ad9c   0x00000048   Code   RO         1863    i.gps_rewrite_dma   gps_compass.o
    0x0800ade4   0x00000028   Code   RO         1864    i.gps_write_register_comp  gps_compass.o
    0x0800ae0c   0x000003d4   Code   RO          681    i.lidar_print_nokia  lidar.o
    0x0800b1e0   0x00000404   Code   RO          682    i.lidar_to_XY       lidar.o
    0x0800b5e4   0x000001d0   Code   RO            5    i.main              main.o
    0x0800b7b4   0x00000190   Code   RO          684    i.objekto_find_handleris  lidar.o
    0x0800b944   0x00000010   Code   RO          838    i.ofs_calib_mm_down  ofs.o
    0x0800b954   0x00000010   Code   RO          839    i.ofs_calib_mm_up   ofs.o
    0x0800b964   0x0000000c   Code   RO          840    i.ofs_get_posYmm    ofs.o
    0x0800b970   0x000002e0   Code   RO          842    i.ofs_handler       ofs.o
    0x0800bc50   0x00000040   Code   RO          844    i.ofs_reset_save_calib  ofs.o
    0x0800bc90   0x0000004c   Code   RO          845    i.ofs_set_kalib     ofs.o
    0x0800bcdc   0x0000003c   Code   RO          846    i.ofs_start_calib   ofs.o
    0x0800bd18   0x0000002c   Code   RO         1780    i.pap_beep_mult     papildomi.o
    0x0800bd44   0x000000bc   Code   RO         1785    i.papildomi_beep_handler  papildomi.o
    0x0800be00   0x00000084   Code   RO         1786    i.papildomi_init    papildomi.o
    0x0800be84   0x000000c0   Code   RO         1221    i.read_RGB          color.o
    0x0800bf44   0x00000054   Code   RO          848    i.read_reg          ofs.o
    0x0800bf98   0x00000040   Code   RO         1222    i.read_register     color.o
    0x0800bfd8   0x00000010   Code   RO          950    i.servo_disable     servo.o
    0x0800bfe8   0x0000000c   Code   RO          951    i.servo_nuleisti    servo.o
    0x0800bff4   0x0000000c   Code   RO          952    i.servo_nuleisti_griebtuva  servo.o
    0x0800c000   0x0000000c   Code   RO          953    i.servo_pakelt      servo.o
    0x0800c00c   0x0000000c   Code   RO          954    i.servo_pakelti_griebtuva  servo.o
    0x0800c018   0x00000014   Code   RO          471    i.set_L_dir_For     zingsniniai_varikliai.o
    0x0800c02c   0x00000014   Code   RO          472    i.set_L_dir_Rev     zingsniniai_varikliai.o
    0x0800c040   0x00000014   Code   RO          473    i.set_R_dir_For     zingsniniai_varikliai.o
    0x0800c054   0x00000014   Code   RO          474    i.set_R_dir_Rev     zingsniniai_varikliai.o
    0x0800c068   0x00000018   Code   RO          955    i.set_servo         servo.o
    0x0800c080   0x00000040   Code   RO          432    i.sys_tick_init     plokstes_init.o
    0x0800c0c0   0x00000010   Code   RO          475    i.test_reset        zingsniniai_varikliai.o
    0x0800c0d0   0x00000098   Code   RO          476    i.test_turn_left    zingsniniai_varikliai.o
    0x0800c168   0x00000028   Code   RO          477    i.test_turn_right   zingsniniai_varikliai.o
    0x0800c190   0x00000024   Code   RO          478    i.test_zv_forfard   zingsniniai_varikliai.o
    0x0800c1b4   0x00000034   Code   RO         1086    i.trasos_iveikias_Ymm  trasos_iveikimas.o
    0x0800c1e8   0x0000001c   Code   RO         1087    i.trasos_iveikimas_paieska  trasos_iveikimas.o
    0x0800c204   0x0000001c   Code   RO         1088    i.trasos_iveikimas_start_iki_linijos  trasos_iveikimas.o
    0x0800c220   0x00000018   Code   RO         1646    i.ultragarsas_get_centras  ultragarsas.o
    0x0800c238   0x00000018   Code   RO         1647    i.ultragarsas_get_desinys  ultragarsas.o
    0x0800c250   0x00000018   Code   RO         1648    i.ultragarsas_get_kairys  ultragarsas.o
    0x0800c268   0x000000d0   Code   RO         1650    i.ultragarsas_print_nokia  ultragarsas.o
    0x0800c338   0x0000004c   Code   RO          479    i.update_tim2_period  zingsniniai_varikliai.o
    0x0800c384   0x00000048   Code   RO          480    i.update_tim3_period  zingsniniai_varikliai.o
    0x0800c3cc   0x00000034   Code   RO          790    i.vprint            debuguart.o
    0x0800c400   0x0000003c   Code   RO         1379    i.vprint_nokia      pd8544.o
    0x0800c43c   0x0000002c   Code   RO         1223    i.write_register    color.o
    0x0800c468   0x00000058   Code   RO          481    i.zv_GetHeadingError  zingsniniai_varikliai.o
    0x0800c4c0   0x00000020   Code   RO          482    i.zv_disable        zingsniniai_varikliai.o
    0x0800c4e0   0x00000020   Code   RO          483    i.zv_enable         zingsniniai_varikliai.o
    0x0800c500   0x00000028   Code   RO          484    i.zv_forward        zingsniniai_varikliai.o
    0x0800c528   0x000000bc   Code   RO          486    i.zv_gpio_init      zingsniniai_varikliai.o
    0x0800c5e4   0x00000440   Code   RO          487    i.zv_handler        zingsniniai_varikliai.o
    0x0800ca24   0x000000cc   Code   RO          488    i.zv_init           zingsniniai_varikliai.o
    0x0800caf0   0x000000ac   Code   RO          489    i.zv_kampas         zingsniniai_varikliai.o
    0x0800cb9c   0x00000010   Code   RO          490    i.zv_set_forward    zingsniniai_varikliai.o
    0x0800cbac   0x00000010   Code   RO          491    i.zv_set_turn       zingsniniai_varikliai.o
    0x0800cbbc   0x00000028   Code   RO          492    i.zv_task_clear_stop  zingsniniai_varikliai.o
    0x0800cbe4   0x00000024   Code   RO          493    i.zv_task_finished  zingsniniai_varikliai.o
    0x0800cc08   0x000002c0   Code   RO          494    i.zv_task_handler   zingsniniai_varikliai.o
    0x0800cec8   0x00000034   Code   RO          496    i.zv_task_push2     zingsniniai_varikliai.o
    0x0800cefc   0x0000001c   Code   RO          497    i.zv_tick_10hz      zingsniniai_varikliai.o
    0x0800cf18   0x0000002c   Code   RO         5822    locale$$code        c_w.l(lc_numeric_c.o)
    0x0800cf44   0x0000002c   Code   RO         5837    locale$$code        c_w.l(lc_ctype_c.o)
    0x0800cf70   0x00000018   Code   RO         5661    x$fpl$basic         fz_wm.l(basic.o)
    0x0800cf88   0x00000062   Code   RO         5513    x$fpl$d2f           fz_wm.l(d2f.o)
    0x0800cfea   0x00000002   PAD
    0x0800cfec   0x00000150   Code   RO         5663    x$fpl$dadd          fz_wm.l(daddsub_clz.o)
    0x0800d13c   0x000002b0   Code   RO         5516    x$fpl$ddiv          fz_wm.l(ddiv.o)
    0x0800d3ec   0x00000026   Code   RO         5519    x$fpl$dfltu         fz_wm.l(dflt_clz.o)
    0x0800d412   0x00000002   PAD
    0x0800d414   0x00000154   Code   RO         5525    x$fpl$dmul          fz_wm.l(dmul.o)
    0x0800d568   0x0000009c   Code   RO         5669    x$fpl$dnaninf       fz_wm.l(dnaninf.o)
    0x0800d604   0x0000000c   Code   RO         5671    x$fpl$dretinf       fz_wm.l(dretinf.o)
    0x0800d610   0x00000016   Code   RO         5664    x$fpl$drsb          fz_wm.l(daddsub_clz.o)
    0x0800d626   0x00000002   PAD
    0x0800d628   0x000001d4   Code   RO         5665    x$fpl$dsub          fz_wm.l(daddsub_clz.o)
    0x0800d7fc   0x00000056   Code   RO         5527    x$fpl$f2d           fz_wm.l(f2d.o)
    0x0800d852   0x0000008c   Code   RO         5673    x$fpl$fnaninf       fz_wm.l(fnaninf.o)
    0x0800d8de   0x0000000a   Code   RO         5895    x$fpl$fpinit        fz_wm.l(fpinit.o)
    0x0800d8e8   0x0000000a   Code   RO         5675    x$fpl$fretinf       fz_wm.l(fretinf.o)
    0x0800d8f2   0x00000004   Code   RO         5677    x$fpl$printf1       fz_wm.l(printf1.o)
    0x0800d8f6   0x00000004   Code   RO         5679    x$fpl$printf2       fz_wm.l(printf2.o)
    0x0800d8fa   0x00000000   Code   RO         5685    x$fpl$usenofp       fz_wm.l(usenofp.o)
    0x0800d8fa   0x00000384   Data   RO         1381    .constdata          pd8544.o
    0x0800dc7e   0x000001f8   Data   RO         1571    .constdata          ekranas_atv.o
    0x0800de76   0x00000002   PAD
    0x0800de78   0x00000020   Data   RO         2192    .constdata          led_f4discovery.o
    0x0800de98   0x00000008   Data   RO         2802    .constdata          stm32f4xx_hal_dma.o
    0x0800dea0   0x00000010   Data   RO         3734    .constdata          stm32f4xx_hal_rcc.o
    0x0800deb0   0x00000008   Data   RO         5585    .constdata          c_w.l(_printf_wctomb.o)
    0x0800deb8   0x00000028   Data   RO         5614    .constdata          c_w.l(_printf_hex_int_ll_ptr.o)
    0x0800dee0   0x00000011   Data   RO         5634    .constdata          c_w.l(__printf_flags_ss_wp.o)
    0x0800def1   0x00000007   PAD
    0x0800def8   0x00000098   Data   RO         5689    .constdata          m_wm.l(atan.o)
    0x0800df90   0x00000008   Data   RO         5736    .constdata          m_wm.l(qnan.o)
    0x0800df98   0x00000020   Data   RO         5738    .constdata          m_wm.l(rredf.o)
    0x0800dfb8   0x00000026   Data   RO         5767    .constdata          c_w.l(_printf_fp_hex.o)
    0x0800dfde   0x00000002   PAD
    0x0800dfe0   0x00000094   Data   RO         5797    .constdata          c_w.l(bigflt0.o)
    0x0800e074   0x0000019d   Data   RO         1572    .conststring        ekranas_atv.o
    0x0800e211   0x00000003   PAD
    0x0800e214   0x00000020   Data   RO         5963    Region$$Table       anon$$obj.o
    0x0800e234   0x0000001c   Data   RO         5821    locale$$data        c_w.l(lc_numeric_c.o)
    0x0800e250   0x00000110   Data   RO         5836    locale$$data        c_w.l(lc_ctype_c.o)


    Execution Region RW_IRAM2 (Base: 0x10000000, Size: 0x00000000, Max: 0x00010000, ABSOLUTE)

    **** No section assigned to this execution region ****


    Execution Region RW_IRAM1 (Base: 0x20000000, Size: 0x00005330, Max: 0x00020000, ABSOLUTE, COMPRESSED[0x0000011c])

    Base Addr    Size         Type   Attr      Idx    E Section Name        Object

    0x20000000   0x00000022   Data   RW            6    .data               main.o
    0x20000022   0x00000002   PAD
    0x20000024   0x00000037   Data   RW          499    .data               zingsniniai_varikliai.o
    0x2000005b   0x00000001   PAD
    0x2000005c   0x00000030   Data   RW          686    .data               lidar.o
    0x2000008c   0x0000004c   Data   RW          850    .data               ofs.o
    0x200000d8   0x00000002   Data   RW          957    .data               servo.o
    0x200000da   0x00000002   PAD
    0x200000dc   0x0000002c   Data   RW         1090    .data               trasos_iveikimas.o
    0x20000108   0x0000008b   Data   RW         1165    .data               adc.o
    0x20000193   0x00000001   PAD
    0x20000194   0x00000028   Data   RW         1225    .data               color.o
    0x200001bc   0x00000006   Data   RW         1382    .data               pd8544.o
    0x200001c2   0x00000002   PAD
    0x200001c4   0x00000038   Data   RW         1525    .data               btn_nokia.o
    0x200001fc   0x000001cc   Data   RW         1573    .data               ekranas_atv.o
    0x200003c8   0x00000050   Data   RW         1652    .data               ultragarsas.o
    0x20000418   0x0000002c   Data   RW         1725    .data               btn_bumper.o
    0x20000444   0x00000034   Data   RW         1866    .data               gps_compass.o
    0x20000478   0x00000004   Data   RW         2263    .data               stm32f4xx_hal.o
    0x2000047c   0x00000004   Data   RW         5460    .data               system_stm32f4xx.o
    0x20000480   0x000000b0   Zero   RW          359    .bss                stm32f4xx_hal_msp.o
    0x20000530   0x0000003c   Zero   RW          433    .bss                plokstes_init.o
    0x2000056c   0x00000d9c   Zero   RW          498    .bss                zingsniniai_varikliai.o
    0x20001308   0x000027e0   Zero   RW          685    .bss                lidar.o
    0x20003ae8   0x00000040   Zero   RW          791    .bss                debuguart.o
    0x20003b28   0x0000006c   Zero   RW          849    .bss                ofs.o
    0x20003b94   0x0000006c   Zero   RW          956    .bss                servo.o
    0x20003c00   0x00000024   Zero   RW         1089    .bss                trasos_iveikimas.o
    0x20003c24   0x00000054   Zero   RW         1164    .bss                adc.o
    0x20003c78   0x00000150   Zero   RW         1224    .bss                color.o
    0x20003dc8   0x0000025a   Zero   RW         1380    .bss                pd8544.o
    0x20004022   0x00000002   PAD
    0x20004024   0x0000004c   Zero   RW         1651    .bss                ultragarsas.o
    0x20004070   0x00000012   Zero   RW         1787    .bss                papildomi.o
    0x20004082   0x00000002   PAD
    0x20004084   0x00000389   Zero   RW         1865    .bss                gps_compass.o
    0x2000440d   0x00000003   PAD
    0x20004410   0x000008c0   Zero   RW         2056    .bss                dstar.o
    0x20004cd0   0x00000060   Zero   RW         5783    .bss                c_w.l(libspace.o)
    0x20004d30   0x00000200   Zero   RW         5448    HEAP                startup_stm32f407xx.o
    0x20004f30   0x00000400   Zero   RW         5447    STACK               startup_stm32f407xx.o


==============================================================================

Image component sizes


      Code (inc. data)   RO Data    RW Data    ZI Data      Debug   Object Name

       864        100          0        139         84       3255   adc.o
       400         96          0         44          0       3868   btn_bumper.o
       600         88          0         56          0       2001   btn_nokia.o
      1316        280          0         40        336       8091   color.o
       290         24          0          0         64       3042   debuguart.o
        90          8          0          0          0       1049   delay_simple.o
      1700        108          0          0       2240       4348   dstar.o
      1248         78        917        460          0       6195   ekranas_atv.o
      2788        392          0         52        905      11932   gps_compass.o
       140         16         32          0          0       2888   led_f4discovery.o
      3466        250          0         48      10208      11401   lidar.o
      1760        174          0         34          0     416711   main.o
      1428        204          0         76        108       6670   ofs.o
       364         28          0          0         18       2437   papildomi.o
      1278        118        900          6        602      10879   pd8544.o
       250         24          0          0         60       2229   plokstes_init.o
       292         40          0          2        108       4247   servo.o
        64         26        392          0       1536        888   startup_stm32f407xx.o
       162         20          0          4          0       5005   stm32f4xx_hal.o
      1208         56          0          0          0       6367   stm32f4xx_hal_adc.o
       298         22          0          0          0      31195   stm32f4xx_hal_cortex.o
       870         16          8          0          0       4695   stm32f4xx_hal_dma.o
       552         48          0          0          0       3271   stm32f4xx_hal_gpio.o
      1936         38          0          0          0       7518   stm32f4xx_hal_i2c.o
      1710        130          0          0        176       7213   stm32f4xx_hal_msp.o
      2044         66         16          0          0       6287   stm32f4xx_hal_rcc.o
      2548          0          0          0          0       7831   stm32f4xx_hal_spi.o
      2640        126          0          0          0      20596   stm32f4xx_hal_tim.o
       102          0          0          0          0       2526   stm32f4xx_hal_tim_ex.o
      1422         24          0          0          0       8158   stm32f4xx_hal_uart.o
       114         32          0          0          0       7193   stm32f4xx_it.o
       100         18          0          4          0       1309   system_stm32f4xx.o
      3584        408          0         44         36       8126   trasos_iveikimas.o
      1376        168          0         80         76       5706   ultragarsas.o
      3612        250          0         55       3484      16815   zingsniniai_varikliai.o

    ----------------------------------------------------------------------
     42654       3476       2302       1152      20048     651942   Object Totals
         0          0         32          0          0          0   (incl. Generated)
        38          0          5          8          7          0   (incl. Padding)

    ----------------------------------------------------------------------

      Code (inc. data)   RO Data    RW Data    ZI Data      Debug   Library Member Name

        44          6          0          0          0         84   __2sprintf.o
        90          0          0          0          0          0   __dczerorl2.o
         8          0          0          0          0         68   __main.o
       392          4         17          0          0         92   __printf_flags_ss_wp.o
        14          0          0          0          0         68   __printf_wp.o
         0          0          0          0          0          0   __rtentry.o
        12          0          0          0          0          0   __rtentry2.o
         6          0          0          0          0          0   __rtentry4.o
        52          8          0          0          0          0   __scatter.o
        28          0          0          0          0          0   __scatter_zi.o
         6          0          0          0          0          0   _printf_a.o
         6          0          0          0          0          0   _printf_c.o
        44          0          0          0          0        108   _printf_char.o
        48          6          0          0          0         96   _printf_char_common.o
        40          0          0          0          0         68   _printf_charcount.o
         6          0          0          0          0          0   _printf_d.o
       120         16          0          0          0         92   _printf_dec.o
         6          0          0          0          0          0   _printf_e.o
         6          0          0          0          0          0   _printf_f.o
      1050          0          0          0          0        216   _printf_fp_dec.o
       764         10         38          0          0        100   _printf_fp_hex.o
       128         16          0          0          0         84   _printf_fp_infnan.o
         6          0          0          0          0          0   _printf_g.o
       148          4         40          0          0        160   _printf_hex_int_ll_ptr.o
         6          0          0          0          0          0   _printf_i.o
       178          0          0          0          0         88   _printf_intcommon.o
        10          0          0          0          0          0   _printf_l.o
         6          0          0          0          0          0   _printf_lc.o
        10          0          0          0          0          0   _printf_ll.o
         6          0          0          0          0          0   _printf_lld.o
         6          0          0          0          0          0   _printf_lli.o
         6          0          0          0          0          0   _printf_llo.o
         6          0          0          0          0          0   _printf_llu.o
         6          0          0          0          0          0   _printf_llx.o
       124         16          0          0          0         92   _printf_longlong_dec.o
         6          0          0          0          0          0   _printf_ls.o
         6          0          0          0          0          0   _printf_n.o
         6          0          0          0          0          0   _printf_o.o
       112          8          0          0          0        124   _printf_oct_int_ll.o
         6          0          0          0          0          0   _printf_p.o
        78          0          0          0          0        108   _printf_pad.o
         0          0          0          0          0          0   _printf_percent.o
         4          0          0          0          0          0   _printf_percent_end.o
         6          0          0          0          0          0   _printf_s.o
        82          0          0          0          0         80   _printf_str.o
        36          0          0          0          0         84   _printf_truncate.o
         6          0          0          0          0          0   _printf_u.o
        44          0          0          0          0        108   _printf_wchar.o
       188          6          8          0          0         92   _printf_wctomb.o
         6          0          0          0          0          0   _printf_x.o
        22          0          0          0          0        100   _rserrno.o
        10          0          0          0          0         68   _sputc.o
        64          0          0          0          0         92   _wcrtomb.o
        16          0          0          0          0         68   aeabi_memset.o
       220          4        148          0          0         96   bigflt0.o
      1910        128          0          0          0        672   btod.o
        18          0          0          0          0         80   exit.o
         6          0          0          0          0        152   heapauxi.o
         0          0          0          0          0          0   indicate_semi.o
        44         10        272          0          0         76   lc_ctype_c.o
        44         10         28          0          0         76   lc_numeric_c.o
         2          0          0          0          0          0   libinit.o
        34          0          0          0          0          0   libinit2.o
         2          0          0          0          0          0   libshutdown.o
         2          0          0          0          0          0   libshutdown2.o
         8          4          0          0         96         68   libspace.o
       138          0          0          0          0         80   lludiv10.o
        16          4          0          0          0         76   rt_ctype_table.o
         8          4          0          0          0         68   rt_errno_addr_intlibspace.o
         8          4          0          0          0         68   rt_locale_intlibspace.o
        68          0          0          0          0         68   rt_memclr.o
        78          0          0          0          0         80   rt_memclr_w.o
       138          0          0          0          0         68   rt_memcpy_v6.o
       100          0          0          0          0         80   rt_memcpy_w.o
         2          0          0          0          0          0   rtexit.o
        10          0          0          0          0          0   rtexit2.o
       128          0          0          0          0         68   strcmpv7m.o
        62          0          0          0          0         76   strlen.o
        12          4          0          0          0         68   sys_exit.o
        74          0          0          0          0         80   sys_stackheap_outer.o
         2          0          0          0          0         68   use_no_semi.o
        36          4          0          0          0         76   vsprintf.o
        24          0          0          0          0        164   basic.o
        98          4          0          0          0        140   d2f.o
       826         16          0          0          0        492   daddsub_clz.o
       688        140          0          0          0        256   ddiv.o
        38          0          0          0          0        116   dflt_clz.o
       340         12          0          0          0        152   dmul.o
       156          4          0          0          0        140   dnaninf.o
        12          0          0          0          0        116   dretinf.o
        86          4          0          0          0        132   f2d.o
       140          4          0          0          0        132   fnaninf.o
        10          0          0          0          0        116   fpinit.o
        10          0          0          0          0        116   fretinf.o
         4          0          0          0          0        116   printf1.o
         4          0          0          0          0        116   printf2.o
         0          0          0          0          0          0   usenofp.o
       744        106        152          0          0        352   atan.o
       496         64          0          0          0        192   atan2.o
       336         56          0          0          0        136   cosf.o
        72          8          0          0          0        372   dunder.o
        24          0          0          0          0        124   fabs.o
        48          0          0          0          0        124   fpclassify.o
        38          0          0          0          0        116   fpclassifyf.o
        38         12          0          0          0        348   funder.o
       248          0          0          0          0        152   poly.o
         0          0          8          0          0          0   qnan.o
       340         24         32          0          0        160   rredf.o
       400         56          0          0          0        212   sinf.o

    ----------------------------------------------------------------------
     12500        786        752          0         96       9176   Library Totals
        24          0          9          0          0          0   (incl. Padding)

    ----------------------------------------------------------------------

      Code (inc. data)   RO Data    RW Data    ZI Data      Debug   Library Name

      7256        276        551          0         96       4584   c_w.l
      2436        184          0          0          0       2304   fz_wm.l
      2784        326        192          0          0       2288   m_wm.l

    ----------------------------------------------------------------------
     12500        786        752          0         96       9176   Library Totals

    ----------------------------------------------------------------------

==============================================================================


      Code (inc. data)   RO Data    RW Data    ZI Data      Debug   

     55154       4262       3054       1152      20144     629270   Grand Totals
     55154       4262       3054        284      20144     629270   ELF Image Totals (compressed)
     55154       4262       3054        284          0          0   ROM Totals

==============================================================================

    Total RO  Size (Code + RO Data)                58208 (  56.84kB)
    Total RW  Size (RW Data + ZI Data)             21296 (  20.80kB)
    Total ROM Size (Code + RO Data + RW Data)      58492 (  57.12kB)

==============================================================================

